../Core/Src/main.c:83:5:main	48	static
../Core/Src/main.c:160:6:SystemClock_Config	120	static
../Core/Src/main.c:220:13:MX_I2C1_Init	8	static
../Core/Src/main.c:268:13:MX_I2C5_Init	8	static
../Core/Src/main.c:316:13:MX_SPI1_Init	8	static
../Core/Src/main.c:364:13:MX_SPI6_Init	8	static
../Core/Src/main.c:412:13:MX_USART3_UART_Init	8	static
../Core/Src/main.c:460:13:MX_GPIO_Init	56	static
../Core/Src/main.c:571:10:getTimestamp	24	static
../Core/Src/main.c:584:6:StartDefaultTask	4712	static
../Core/Src/main.c:681:6:Error_Handler	4	static,ignoring_inline_asm
