/Users/felix/Desktop/Rocket-Avionics/board-drivers/NEO-M9N-00B/src/minmea.c:19:12:hex2int	16	static
/Users/felix/Desktop/Rocket-Avionics/board-drivers/NEO-M9N-00B/src/minmea.c:30:9:minmea_checksum	24	static
/Users/felix/Desktop/Rocket-Avionics/board-drivers/NEO-M9N-00B/src/minmea.c:45:6:minmea_check	32	static
/Users/felix/Desktop/Rocket-Avionics/board-drivers/NEO-M9N-00B/src/minmea.c:88:20:minmea_isfield	16	static
/Users/felix/Desktop/Rocket-Avionics/board-drivers/NEO-M9N-00B/src/minmea.c:92:6:minmea_scan	164	static
/Users/felix/Desktop/Rocket-Avionics/board-drivers/NEO-M9N-00B/src/minmea.c:339:6:minmea_talker_id	24	static
/Users/felix/Desktop/Rocket-Avionics/board-drivers/NEO-M9N-00B/src/minmea.c:352:25:minmea_sentence_id	24	static
/Users/felix/Desktop/Rocket-Avionics/board-drivers/NEO-M9N-00B/src/minmea.c:381:6:minmea_parse_rmc	104	static
/Users/felix/Desktop/Rocket-Avionics/board-drivers/NEO-M9N-00B/src/minmea.c:411:6:minmea_parse_gga	112	static
/Users/felix/Desktop/Rocket-Avionics/board-drivers/NEO-M9N-00B/src/minmea.c:439:6:minmea_parse_gsa	152	static
/Users/felix/Desktop/Rocket-Avionics/board-drivers/NEO-M9N-00B/src/minmea.c:470:6:minmea_parse_gll	64	static
/Users/felix/Desktop/Rocket-Avionics/board-drivers/NEO-M9N-00B/src/minmea.c:494:6:minmea_parse_gst	80	static
/Users/felix/Desktop/Rocket-Avionics/board-drivers/NEO-M9N-00B/src/minmea.c:516:6:minmea_parse_gsv	168	static
/Users/felix/Desktop/Rocket-Avionics/board-drivers/NEO-M9N-00B/src/minmea.c:555:6:minmea_parse_vtg	72	static
/Users/felix/Desktop/Rocket-Avionics/board-drivers/NEO-M9N-00B/src/minmea.c:589:6:minmea_parse_zda	64	static
/Users/felix/Desktop/Rocket-Avionics/board-drivers/NEO-M9N-00B/src/minmea.c:615:5:minmea_gettime	72	static
