../Core/Src/main.c:380:6:StartTCPTask	8	static
../Core/Src/main.c:401:6:StartHeartbeatTask	16	static
../Core/Src/main.c:430:6:StartRXMessages	336	static
../Core/Src/main.c:173:6:SystemClock_Config	136	static,ignoring_inline_asm
../Core/Src/main.c:80:5:main	120	static,ignoring_inline_asm
../Core/Src/main.c:347:6:fsm_transition	0	static
../Core/Src/main.c:351:6:sw_reset	0	static
../Core/Src/main.c:355:6:set_bootloader	0	static
../Core/Src/main.c:359:6:get_git_hash	0	static
../Core/Src/main.c:363:6:valve_control	0	static
../Core/Src/main.c:368:6:config_calibration	0	static
../Core/Src/main.c:518:6:HAL_TIM_PeriodElapsedCallback	0	static
../Core/Src/main.c:535:6:Error_Handler	0	static,ignoring_inline_asm
