/Users/felix/Desktop/Rocket-Avionics/board-drivers/TCP/server/src/server.c:38:5:server_create	24	static
/Users/felix/Desktop/Rocket-Avionics/board-drivers/TCP/server/src/server.c:81:5:server_init	128	static
/Users/felix/Desktop/Rocket-Avionics/board-drivers/TCP/server/src/server.c:147:6:server_listener_thread	232	static
/Users/felix/Desktop/Rocket-Avionics/board-drivers/TCP/server/src/server.c:396:6:server_reader_thread	4288	static
/Users/felix/Desktop/Rocket-Avionics/board-drivers/TCP/server/src/server.c:661:6:server_writer_thread	104	static
/Users/felix/Desktop/Rocket-Avionics/board-drivers/TCP/server/src/server.c:742:6:msgFreeCallback	16	static
/Users/felix/Desktop/Rocket-Avionics/board-drivers/TCP/server/src/server.c:746:5:server_read	16	static
/Users/felix/Desktop/Rocket-Avionics/board-drivers/TCP/server/src/server.c:764:5:server_send	16	static
/Users/felix/Desktop/Rocket-Avionics/board-drivers/TCP/server/src/server.c:781:5:update_fd_set	40	static
/Users/felix/Desktop/Rocket-Avionics/board-drivers/TCP/server/src/server.c:802:5:is_server_running	16	static
/Users/felix/Desktop/Rocket-Avionics/board-drivers/TCP/server/src/server.c:816:6:drain_lists	24	static
/Users/felix/Desktop/Rocket-Avionics/board-drivers/TCP/server/src/server.c:826:5:shutdown_server	24	static
/Users/felix/Desktop/Rocket-Avionics/board-drivers/TCP/server/src/server.c:875:5:num_devices	24	static
/Users/felix/Desktop/Rocket-Avionics/board-drivers/TCP/server/src/server.c:893:5:get_device_fd	24	static
/Users/felix/Desktop/Rocket-Avionics/board-drivers/TCP/server/src/server.c:922:6:remove_bad_fds	96	static
/Users/felix/Desktop/Rocket-Avionics/board-drivers/TCP/server/src/server.c:952:6:freeFromPool	16	static
/Users/felix/Desktop/Rocket-Avionics/board-drivers/TCP/server/src/server.c:956:11:allocFromPool	8	static
