../LWIP/Target/ethernetif.c:159:6:ethernetif_patch	16	static
../LWIP/Target/ethernetif.c:179:6:HAL_ETH_RxCpltCallback	16	static
../LWIP/Target/ethernetif.c:188:6:HAL_ETH_TxCpltCallback	16	static
../LWIP/Target/ethernetif.c:197:6:HAL_ETH_ErrorCallback	16	static
../LWIP/Target/ethernetif.c:219:13:low_level_init	216	static
../LWIP/Target/ethernetif.c:400:14:low_level_output	128	static
../LWIP/Target/ethernetif.c:472:22:low_level_input	24	static
../LWIP/Target/ethernetif.c:493:6:ethernetif_input	24	static
../LWIP/Target/ethernetif.c:550:7:ethernetif_init	16	static
../LWIP/Target/ethernetif.c:601:6:pbuf_free_custom	24	static
../LWIP/Target/ethernetif.c:624:7:sys_now	8	static
../LWIP/Target/ethernetif.c:637:6:HAL_ETH_MspInit	64	static
../LWIP/Target/ethernetif.c:694:6:HAL_ETH_MspDeInit	16	static
../LWIP/Target/ethernetif.c:740:9:ETH_PHY_IO_Init	8	static
../LWIP/Target/ethernetif.c:757:9:ETH_PHY_IO_DeInit	4	static
../LWIP/Target/ethernetif.c:769:9:ETH_PHY_IO_ReadReg	24	static
../LWIP/Target/ethernetif.c:786:9:ETH_PHY_IO_WriteReg	24	static
../LWIP/Target/ethernetif.c:800:9:ETH_PHY_IO_GetTick	8	static
../LWIP/Target/ethernetif.c:809:6:ethernet_link_thread	136	static
../LWIP/Target/ethernetif.c:880:6:HAL_ETH_RxAllocateCallback	32	static
../LWIP/Target/ethernetif.c:902:6:HAL_ETH_RxLinkCallback	56	static,ignoring_inline_asm
../LWIP/Target/ethernetif.c:942:6:HAL_ETH_TxFreeCallback	16	static
