../Drivers/STM32H7xx_HAL_Driver/Src/stm32h7xx_hal_eth.c:1266:13:HAL_ETH_RxAllocateCallback	0	static
../Drivers/STM32H7xx_HAL_Driver/Src/stm32h7xx_hal_eth.c:1152:13:ETH_UpdateDescriptor	32	static,ignoring_inline_asm
../Drivers/STM32H7xx_HAL_Driver/Src/stm32h7xx_hal_eth.c:1283:13:HAL_ETH_RxLinkCallback	0	static
../Drivers/STM32H7xx_HAL_Driver/Src/stm32h7xx_hal_eth.c:1385:13:HAL_ETH_TxFreeCallback	0	static
../Drivers/STM32H7xx_HAL_Driver/Src/stm32h7xx_hal_eth.c:2806:13:ETH_SetMACConfig	8	static
../Drivers/STM32H7xx_HAL_Driver/Src/stm32h7xx_hal_eth.c:2883:13:ETH_SetDMAConfig	4	static
../Drivers/STM32H7xx_HAL_Driver/Src/stm32h7xx_hal_eth.c:2924:13:ETH_MACDMAConfig	152	static
../Drivers/STM32H7xx_HAL_Driver/Src/stm32h7xx_hal_eth.c:2997:13:ETH_DMATxDescListInit	4	static
../Drivers/STM32H7xx_HAL_Driver/Src/stm32h7xx_hal_eth.c:3035:13:ETH_DMARxDescListInit	4	static
../Drivers/STM32H7xx_HAL_Driver/Src/stm32h7xx_hal_eth.c:3081:17:ETH_Prepare_Tx_Descriptors	24	static,ignoring_inline_asm
../Drivers/STM32H7xx_HAL_Driver/Src/stm32h7xx_hal_eth.c:467:13:HAL_ETH_MspInit	0	static
../Drivers/STM32H7xx_HAL_Driver/Src/stm32h7xx_hal_eth.c:482:13:HAL_ETH_MspDeInit	0	static
../Drivers/STM32H7xx_HAL_Driver/Src/stm32h7xx_hal_eth.c:434:19:HAL_ETH_DeInit	8	static
../Drivers/STM32H7xx_HAL_Driver/Src/stm32h7xx_hal_eth.c:717:19:HAL_ETH_Start	8	static
../Drivers/STM32H7xx_HAL_Driver/Src/stm32h7xx_hal_eth.c:763:19:HAL_ETH_Start_IT	8	static
../Drivers/STM32H7xx_HAL_Driver/Src/stm32h7xx_hal_eth.c:819:19:HAL_ETH_Stop	0	static
../Drivers/STM32H7xx_HAL_Driver/Src/stm32h7xx_hal_eth.c:858:19:HAL_ETH_Stop_IT	0	static
../Drivers/STM32H7xx_HAL_Driver/Src/stm32h7xx_hal_eth.c:919:19:HAL_ETH_Transmit	24	static,ignoring_inline_asm
../Drivers/STM32H7xx_HAL_Driver/Src/stm32h7xx_hal_eth.c:994:19:HAL_ETH_Transmit_IT	8	static,ignoring_inline_asm
../Drivers/STM32H7xx_HAL_Driver/Src/stm32h7xx_hal_eth.c:1040:19:HAL_ETH_ReadData	40	static
../Drivers/STM32H7xx_HAL_Driver/Src/stm32h7xx_hal_eth.c:1232:19:HAL_ETH_RegisterRxAllocateCallback	0	static
../Drivers/STM32H7xx_HAL_Driver/Src/stm32h7xx_hal_eth.c:1253:19:HAL_ETH_UnRegisterRxAllocateCallback	0	static
../Drivers/STM32H7xx_HAL_Driver/Src/stm32h7xx_hal_eth.c:1302:19:HAL_ETH_RegisterRxLinkCallback	0	static
../Drivers/STM32H7xx_HAL_Driver/Src/stm32h7xx_hal_eth.c:1322:19:HAL_ETH_UnRegisterRxLinkCallback	0	static
../Drivers/STM32H7xx_HAL_Driver/Src/stm32h7xx_hal_eth.c:1337:19:HAL_ETH_GetRxDataErrorCode	0	static
../Drivers/STM32H7xx_HAL_Driver/Src/stm32h7xx_hal_eth.c:1352:19:HAL_ETH_RegisterTxFreeCallback	0	static
../Drivers/STM32H7xx_HAL_Driver/Src/stm32h7xx_hal_eth.c:1372:19:HAL_ETH_UnRegisterTxFreeCallback	0	static
../Drivers/STM32H7xx_HAL_Driver/Src/stm32h7xx_hal_eth.c:1400:19:HAL_ETH_ReleaseTxPacket	24	static
../Drivers/STM32H7xx_HAL_Driver/Src/stm32h7xx_hal_eth.c:2053:13:HAL_ETH_TxCpltCallback	0	static
../Drivers/STM32H7xx_HAL_Driver/Src/stm32h7xx_hal_eth.c:2068:13:HAL_ETH_RxCpltCallback	0	static
../Drivers/STM32H7xx_HAL_Driver/Src/stm32h7xx_hal_eth.c:2083:13:HAL_ETH_ErrorCallback	0	static
../Drivers/STM32H7xx_HAL_Driver/Src/stm32h7xx_hal_eth.c:2098:13:HAL_ETH_PMTCallback	0	static
../Drivers/STM32H7xx_HAL_Driver/Src/stm32h7xx_hal_eth.c:2113:13:HAL_ETH_EEECallback	0	static
../Drivers/STM32H7xx_HAL_Driver/Src/stm32h7xx_hal_eth.c:2128:13:HAL_ETH_WakeUpCallback	0	static
../Drivers/STM32H7xx_HAL_Driver/Src/stm32h7xx_hal_eth.c:1867:6:HAL_ETH_IRQHandler	24	static
../Drivers/STM32H7xx_HAL_Driver/Src/stm32h7xx_hal_eth.c:2146:19:HAL_ETH_ReadPHYRegister	16	static
../Drivers/STM32H7xx_HAL_Driver/Src/stm32h7xx_hal_eth.c:2201:19:HAL_ETH_WritePHYRegister	16	static
../Drivers/STM32H7xx_HAL_Driver/Src/stm32h7xx_hal_eth.c:2273:19:HAL_ETH_GetMACConfig	0	static
../Drivers/STM32H7xx_HAL_Driver/Src/stm32h7xx_hal_eth.c:2345:19:HAL_ETH_GetDMAConfig	0	static
../Drivers/STM32H7xx_HAL_Driver/Src/stm32h7xx_hal_eth.c:2379:19:HAL_ETH_SetMACConfig	8	static
../Drivers/STM32H7xx_HAL_Driver/Src/stm32h7xx_hal_eth.c:2406:19:HAL_ETH_SetDMAConfig	8	static
../Drivers/STM32H7xx_HAL_Driver/Src/stm32h7xx_hal_eth.c:2431:6:HAL_ETH_SetMDIOClockRange	16	static
../Drivers/STM32H7xx_HAL_Driver/Src/stm32h7xx_hal_eth.c:308:19:HAL_ETH_Init	24	static
../Drivers/STM32H7xx_HAL_Driver/Src/stm32h7xx_hal_eth.c:2489:19:HAL_ETH_SetMACFilterConfig	0	static
../Drivers/STM32H7xx_HAL_Driver/Src/stm32h7xx_hal_eth.c:2523:19:HAL_ETH_GetMACFilterConfig	0	static
../Drivers/STM32H7xx_HAL_Driver/Src/stm32h7xx_hal_eth.c:2560:19:HAL_ETH_SetSourceMACAddrMatch	4	static
../Drivers/STM32H7xx_HAL_Driver/Src/stm32h7xx_hal_eth.c:2596:19:HAL_ETH_SetHashTable	0	static
../Drivers/STM32H7xx_HAL_Driver/Src/stm32h7xx_hal_eth.c:2618:6:HAL_ETH_SetRxVLANIdentifier	0	static
../Drivers/STM32H7xx_HAL_Driver/Src/stm32h7xx_hal_eth.c:2640:6:HAL_ETH_EnterPowerDownMode	0	static
../Drivers/STM32H7xx_HAL_Driver/Src/stm32h7xx_hal_eth.c:2662:6:HAL_ETH_ExitPowerDownMode	0	static
../Drivers/STM32H7xx_HAL_Driver/Src/stm32h7xx_hal_eth.c:2686:19:HAL_ETH_SetWakeUpFilter	4	static
../Drivers/STM32H7xx_HAL_Driver/Src/stm32h7xx_hal_eth.c:2735:22:HAL_ETH_GetState	0	static
../Drivers/STM32H7xx_HAL_Driver/Src/stm32h7xx_hal_eth.c:2746:10:HAL_ETH_GetError	0	static
../Drivers/STM32H7xx_HAL_Driver/Src/stm32h7xx_hal_eth.c:2757:10:HAL_ETH_GetDMAError	0	static
../Drivers/STM32H7xx_HAL_Driver/Src/stm32h7xx_hal_eth.c:2768:10:HAL_ETH_GetMACError	0	static
../Drivers/STM32H7xx_HAL_Driver/Src/stm32h7xx_hal_eth.c:2779:10:HAL_ETH_GetMACWakeUpSource	0	static
../Drivers/STM32H7xx_HAL_Driver/Src/stm32h7xx_hal_eth.c:2790:10:HAL_ETH_GetTxBuffersNumber	0	static
