../Drivers/STM32H7xx_HAL_Driver/Src/stm32h7xx_hal_uart.c:3633:13:UART_EndTxTransfer	0	static,ignoring_inline_asm
../Drivers/STM32H7xx_HAL_Driver/Src/stm32h7xx_hal_uart.c:3649:13:UART_EndRxTransfer	0	static,ignoring_inline_asm
../Drivers/STM32H7xx_HAL_Driver/Src/stm32h7xx_hal_uart.c:4061:13:UART_TxISR_8BIT	0	static,ignoring_inline_asm
../Drivers/STM32H7xx_HAL_Driver/Src/stm32h7xx_hal_uart.c:4090:13:UART_TxISR_16BIT	0	static,ignoring_inline_asm
../Drivers/STM32H7xx_HAL_Driver/Src/stm32h7xx_hal_uart.c:4122:13:UART_TxISR_8BIT_FIFOEN	0	static,ignoring_inline_asm
../Drivers/STM32H7xx_HAL_Driver/Src/stm32h7xx_hal_uart.c:4162:13:UART_TxISR_16BIT_FIFOEN	0	static,ignoring_inline_asm
../Drivers/STM32H7xx_HAL_Driver/Src/stm32h7xx_hal_uart.c:679:13:HAL_UART_MspInit	0	static
../Drivers/STM32H7xx_HAL_Driver/Src/stm32h7xx_hal_uart.c:694:13:HAL_UART_MspDeInit	0	static
../Drivers/STM32H7xx_HAL_Driver/Src/stm32h7xx_hal_uart.c:632:19:HAL_UART_DeInit	16	static
../Drivers/STM32H7xx_HAL_Driver/Src/stm32h7xx_hal_uart.c:1294:19:HAL_UART_Transmit_IT	0	static,ignoring_inline_asm
../Drivers/STM32H7xx_HAL_Driver/Src/stm32h7xx_hal_uart.c:1403:19:HAL_UART_Transmit_DMA	8	static,ignoring_inline_asm
../Drivers/STM32H7xx_HAL_Driver/Src/stm32h7xx_hal_uart.c:1509:19:HAL_UART_DMAPause	4	static,ignoring_inline_asm
../Drivers/STM32H7xx_HAL_Driver/Src/stm32h7xx_hal_uart.c:1539:19:HAL_UART_DMAResume	0	static,ignoring_inline_asm
../Drivers/STM32H7xx_HAL_Driver/Src/stm32h7xx_hal_uart.c:1570:19:HAL_UART_DMAStop	16	static,ignoring_inline_asm
../Drivers/STM32H7xx_HAL_Driver/Src/stm32h7xx_hal_uart.c:1645:19:HAL_UART_Abort	8	static,ignoring_inline_asm
../Drivers/STM32H7xx_HAL_Driver/Src/stm32h7xx_hal_uart.c:1748:19:HAL_UART_AbortTransmit	8	static,ignoring_inline_asm
../Drivers/STM32H7xx_HAL_Driver/Src/stm32h7xx_hal_uart.c:1807:19:HAL_UART_AbortReceive	8	static,ignoring_inline_asm
../Drivers/STM32H7xx_HAL_Driver/Src/stm32h7xx_hal_uart.c:2564:13:HAL_UART_TxCpltCallback	0	static
../Drivers/STM32H7xx_HAL_Driver/Src/stm32h7xx_hal_uart.c:3675:13:UART_DMATransmitCplt	8	static,ignoring_inline_asm
../Drivers/STM32H7xx_HAL_Driver/Src/stm32h7xx_hal_uart.c:4203:13:UART_EndTransmit_IT	8	static,ignoring_inline_asm
../Drivers/STM32H7xx_HAL_Driver/Src/stm32h7xx_hal_uart.c:2579:13:HAL_UART_TxHalfCpltCallback	0	static
../Drivers/STM32H7xx_HAL_Driver/Src/stm32h7xx_hal_uart.c:3709:13:UART_DMATxHalfCplt	8	static
../Drivers/STM32H7xx_HAL_Driver/Src/stm32h7xx_hal_uart.c:2594:13:HAL_UART_RxCpltCallback	0	static
../Drivers/STM32H7xx_HAL_Driver/Src/stm32h7xx_hal_uart.c:2609:13:HAL_UART_RxHalfCpltCallback	0	static
../Drivers/STM32H7xx_HAL_Driver/Src/stm32h7xx_hal_uart.c:2624:13:HAL_UART_ErrorCallback	0	static
../Drivers/STM32H7xx_HAL_Driver/Src/stm32h7xx_hal_uart.c:3826:13:UART_DMAError	16	static
../Drivers/STM32H7xx_HAL_Driver/Src/stm32h7xx_hal_uart.c:3866:13:UART_DMAAbortOnError	8	static
../Drivers/STM32H7xx_HAL_Driver/Src/stm32h7xx_hal_uart.c:2639:13:HAL_UART_AbortCpltCallback	0	static
../Drivers/STM32H7xx_HAL_Driver/Src/stm32h7xx_hal_uart.c:1875:19:HAL_UART_Abort_IT	16	static,ignoring_inline_asm
../Drivers/STM32H7xx_HAL_Driver/Src/stm32h7xx_hal_uart.c:3943:13:UART_DMARxAbortCallback	8	static
../Drivers/STM32H7xx_HAL_Driver/Src/stm32h7xx_hal_uart.c:3888:13:UART_DMATxAbortCallback	8	static
../Drivers/STM32H7xx_HAL_Driver/Src/stm32h7xx_hal_uart.c:2654:13:HAL_UART_AbortTransmitCpltCallback	0	static
../Drivers/STM32H7xx_HAL_Driver/Src/stm32h7xx_hal_uart.c:2028:19:HAL_UART_AbortTransmit_IT	8	static,ignoring_inline_asm
../Drivers/STM32H7xx_HAL_Driver/Src/stm32h7xx_hal_uart.c:3995:13:UART_DMATxOnlyAbortCallback	8	static
../Drivers/STM32H7xx_HAL_Driver/Src/stm32h7xx_hal_uart.c:2669:13:HAL_UART_AbortReceiveCpltCallback	0	static
../Drivers/STM32H7xx_HAL_Driver/Src/stm32h7xx_hal_uart.c:2119:19:HAL_UART_AbortReceive_IT	8	static,ignoring_inline_asm
../Drivers/STM32H7xx_HAL_Driver/Src/stm32h7xx_hal_uart.c:4028:13:UART_DMARxOnlyAbortCallback	8	static
../Drivers/STM32H7xx_HAL_Driver/Src/stm32h7xx_hal_uart.c:2686:13:HAL_UARTEx_RxEventCallback	0	static
../Drivers/STM32H7xx_HAL_Driver/Src/stm32h7xx_hal_uart.c:2212:6:HAL_UART_IRQHandler	16	static,ignoring_inline_asm
../Drivers/STM32H7xx_HAL_Driver/Src/stm32h7xx_hal_uart.c:4228:13:UART_RxISR_8BIT	8	static,ignoring_inline_asm
../Drivers/STM32H7xx_HAL_Driver/Src/stm32h7xx_hal_uart.c:4319:13:UART_RxISR_16BIT	8	static,ignoring_inline_asm
../Drivers/STM32H7xx_HAL_Driver/Src/stm32h7xx_hal_uart.c:4412:13:UART_RxISR_8BIT_FIFOEN	32	static,ignoring_inline_asm
../Drivers/STM32H7xx_HAL_Driver/Src/stm32h7xx_hal_uart.c:4575:13:UART_RxISR_16BIT_FIFOEN	32	static,ignoring_inline_asm
../Drivers/STM32H7xx_HAL_Driver/Src/stm32h7xx_hal_uart.c:3788:13:UART_DMARxHalfCplt	8	static
../Drivers/STM32H7xx_HAL_Driver/Src/stm32h7xx_hal_uart.c:3727:13:UART_DMAReceiveCplt	8	static,ignoring_inline_asm
../Drivers/STM32H7xx_HAL_Driver/Src/stm32h7xx_hal_uart.c:2734:6:HAL_UART_ReceiverTimeout_Config	0	static
../Drivers/STM32H7xx_HAL_Driver/Src/stm32h7xx_hal_uart.c:2749:19:HAL_UART_EnableReceiverTimeout	0	static
../Drivers/STM32H7xx_HAL_Driver/Src/stm32h7xx_hal_uart.c:2787:19:HAL_UART_DisableReceiverTimeout	0	static
../Drivers/STM32H7xx_HAL_Driver/Src/stm32h7xx_hal_uart.c:2865:6:HAL_MultiProcessor_EnterMuteMode	0	static
../Drivers/STM32H7xx_HAL_Driver/Src/stm32h7xx_hal_uart.c:2875:19:HAL_HalfDuplex_EnableTransmitter	0	static,ignoring_inline_asm
../Drivers/STM32H7xx_HAL_Driver/Src/stm32h7xx_hal_uart.c:2898:19:HAL_HalfDuplex_EnableReceiver	0	static,ignoring_inline_asm
../Drivers/STM32H7xx_HAL_Driver/Src/stm32h7xx_hal_uart.c:2922:19:HAL_LIN_SendBreak	0	static
../Drivers/STM32H7xx_HAL_Driver/Src/stm32h7xx_hal_uart.c:2967:23:HAL_UART_GetState	0	static
../Drivers/STM32H7xx_HAL_Driver/Src/stm32h7xx_hal_uart.c:2983:10:HAL_UART_GetError	0	static
../Drivers/STM32H7xx_HAL_Driver/Src/stm32h7xx_hal_uart.c:3029:19:UART_SetConfig	40	static
../Drivers/STM32H7xx_HAL_Driver/Src/stm32h7xx_hal_uart.c:3293:6:UART_AdvFeatureConfig	0	static
../Drivers/STM32H7xx_HAL_Driver/Src/stm32h7xx_hal_uart.c:3436:19:UART_WaitOnFlagUntilTimeout	32	static
../Drivers/STM32H7xx_HAL_Driver/Src/stm32h7xx_hal_uart.c:1120:19:HAL_UART_Transmit	32	static
../Drivers/STM32H7xx_HAL_Driver/Src/stm32h7xx_hal_uart.c:1210:19:HAL_UART_Receive	40	static
../Drivers/STM32H7xx_HAL_Driver/Src/stm32h7xx_hal_uart.c:3367:19:UART_CheckIdleState	24	static,ignoring_inline_asm
../Drivers/STM32H7xx_HAL_Driver/Src/stm32h7xx_hal_uart.c:307:19:HAL_UART_Init	8	static
../Drivers/STM32H7xx_HAL_Driver/Src/stm32h7xx_hal_uart.c:382:19:HAL_HalfDuplex_Init	8	static
../Drivers/STM32H7xx_HAL_Driver/Src/stm32h7xx_hal_uart.c:457:19:HAL_LIN_Init	16	static
../Drivers/STM32H7xx_HAL_Driver/Src/stm32h7xx_hal_uart.c:556:19:HAL_MultiProcessor_Init	16	static
../Drivers/STM32H7xx_HAL_Driver/Src/stm32h7xx_hal_uart.c:2825:19:HAL_MultiProcessor_EnableMuteMode	8	static,ignoring_inline_asm
../Drivers/STM32H7xx_HAL_Driver/Src/stm32h7xx_hal_uart.c:2845:19:HAL_MultiProcessor_DisableMuteMode	8	static,ignoring_inline_asm
../Drivers/STM32H7xx_HAL_Driver/Src/stm32h7xx_hal_uart.c:3504:19:UART_Start_Receive_IT	4	static,ignoring_inline_asm
../Drivers/STM32H7xx_HAL_Driver/Src/stm32h7xx_hal_uart.c:1362:19:HAL_UART_Receive_IT	16	static,ignoring_inline_asm
../Drivers/STM32H7xx_HAL_Driver/Src/stm32h7xx_hal_uart.c:3576:19:UART_Start_Receive_DMA	8	static,ignoring_inline_asm
../Drivers/STM32H7xx_HAL_Driver/Src/stm32h7xx_hal_uart.c:1473:19:HAL_UART_Receive_DMA	16	static,ignoring_inline_asm
