../Core/Src/main.c:86:5:main	8	static
../Core/Src/main.c:172:6:SystemClock_Config	120	static
../Core/Src/main.c:232:13:MX_I2C2_Init	8	static
../Core/Src/main.c:280:13:MX_SPI3_Init	8	static
../Core/Src/main.c:328:13:MX_USART3_UART_Init	8	static
../Core/Src/main.c:376:13:MX_GPIO_Init	48	static
../Core/Src/main.c:422:10:getTimestamp	24	static
../Core/Src/main.c:435:6:StartDefaultTask	4680	static
../Core/Src/main.c:519:6:MPU_Config	24	static
../Core/Src/main.c:550:6:Error_Handler	4	static,ignoring_inline_asm
