/Users/felix/Desktop/Rocket-Avionics/board-drivers/ADS1120/src/ADS1120.c:15:6:delay_us	32	static
/Users/felix/Desktop/Rocket-Avionics/board-drivers/ADS1120/src/ADS1120.c:28:8:ADS_convertRawToMicrovolts	16	static
/Users/felix/Desktop/Rocket-Avionics/board-drivers/ADS1120/src/ADS1120.c:33:7:ADS_polyMicrovoltsToTemp	40	static
/Users/felix/Desktop/Rocket-Avionics/board-drivers/ADS1120/src/ADS1120.c:56:8:ADS_polyTempToMicrovolts	24	static
/Users/felix/Desktop/Rocket-Avionics/board-drivers/ADS1120/src/ADS1120.c:85:6:ADSTC_chipSelect	16	static
/Users/felix/Desktop/Rocket-Avionics/board-drivers/ADS1120/src/ADS1120.c:89:6:ADSTC_chipRelease	16	static
/Users/felix/Desktop/Rocket-Avionics/board-drivers/ADS1120/src/ADS1120.c:93:6:ADS_configTC	24	static
/Users/felix/Desktop/Rocket-Avionics/board-drivers/ADS1120/src/ADS1120.c:120:5:ADS_init	40	static
/Users/felix/Desktop/Rocket-Avionics/board-drivers/ADS1120/src/ADS1120.c:134:9:ADS_timerStatus	32	static
/Users/felix/Desktop/Rocket-Avionics/board-drivers/ADS1120/src/ADS1120.c:175:6:vTCTask	160	dynamic
/Users/felix/Desktop/Rocket-Avionics/board-drivers/ADS1120/src/ADS1120.c:426:19:ADS_write	32	static
/Users/felix/Desktop/Rocket-Avionics/board-drivers/ADS1120/src/ADS1120.c:440:19:ADS_read	32	static
/Users/felix/Desktop/Rocket-Avionics/board-drivers/ADS1120/src/ADS1120.c:453:19:ADS_readwrite	96	dynamic
/Users/felix/Desktop/Rocket-Avionics/board-drivers/ADS1120/src/ADS1120.c:470:6:ADS_chipSelect	16	static
/Users/felix/Desktop/Rocket-Avionics/board-drivers/ADS1120/src/ADS1120.c:474:6:ADS_chipRelease	16	static
/Users/felix/Desktop/Rocket-Avionics/board-drivers/ADS1120/src/ADS1120.c:478:5:ADS_configure	40	static
/Users/felix/Desktop/Rocket-Avionics/board-drivers/ADS1120/src/ADS1120.c:513:5:ADS_configureChip	32	static
/Users/felix/Desktop/Rocket-Avionics/board-drivers/ADS1120/src/ADS1120.c:533:5:ADS_readIndividual	40	static
/Users/felix/Desktop/Rocket-Avionics/board-drivers/ADS1120/src/ADS1120.c:553:5:ADS_readIndividualwTimestamp	40	static
/Users/felix/Desktop/Rocket-Avionics/board-drivers/ADS1120/src/ADS1120.c:575:5:ADS_readAll	40	static
/Users/felix/Desktop/Rocket-Avionics/board-drivers/ADS1120/src/ADS1120.c:599:5:ADS_readAllwTimestamps	40	static
/Users/felix/Desktop/Rocket-Avionics/board-drivers/ADS1120/src/ADS1120.c:625:5:ADS_readInternalTemp	24	static
/Users/felix/Desktop/Rocket-Avionics/board-drivers/ADS1120/src/ADS1120.c:635:5:ADS_switchConf	24	static
