../Middlewares/Third_Party/LwIP/src/netif/slipif.c:207:1:slipif_rxbyte	16	static
../Middlewares/Third_Party/LwIP/src/netif/slipif.c:310:1:slipif_rxbyte_input	16	static
../Middlewares/Third_Party/LwIP/src/netif/slipif.c:330:1:slipif_loop_thread	24	static
../Middlewares/Third_Party/LwIP/src/netif/slipif.c:116:1:slipif_output	16	static
../Middlewares/Third_Party/LwIP/src/netif/slipif.c:172:1:slipif_output_v4	8	static
../Middlewares/Third_Party/LwIP/src/netif/slipif.c:360:1:slipif_init	24	static
../Middlewares/Third_Party/LwIP/src/netif/slipif.c:426:1:slipif_poll	24	static
