/Users/felix/Desktop/Rocket-Avionics/board-drivers/M24256E/src/M24256E.c:35:20:eeprom_enable_writes	16	static
/Users/felix/Desktop/Rocket-Avionics/board-drivers/M24256E/src/M24256E.c:39:20:eeprom_disable_writes	16	static
/Users/felix/Desktop/Rocket-Avionics/board-drivers/M24256E/src/M24256E.c:62:24:eeprom_polling_write	40	static
/Users/felix/Desktop/Rocket-Avionics/board-drivers/M24256E/src/M24256E.c:96:24:eeprom_single_write	40	static
/Users/felix/Desktop/Rocket-Avionics/board-drivers/M24256E/src/M24256E.c:116:24:eeprom_check_cda	32	static
/Users/felix/Desktop/Rocket-Avionics/board-drivers/M24256E/src/M24256E.c:122:17:eeprom_init	32	static
/Users/felix/Desktop/Rocket-Avionics/board-drivers/M24256E/src/M24256E.c:139:17:eeprom_write_mem	104	static
/Users/felix/Desktop/Rocket-Avionics/board-drivers/M24256E/src/M24256E.c:185:17:eeprom_write_cda	32	static
/Users/felix/Desktop/Rocket-Avionics/board-drivers/M24256E/src/M24256E.c:208:17:eeprom_write_id_page	104	static
/Users/felix/Desktop/Rocket-Avionics/board-drivers/M24256E/src/M24256E.c:233:17:eeprom_lock_id_page	32	static
/Users/felix/Desktop/Rocket-Avionics/board-drivers/M24256E/src/M24256E.c:246:17:eeprom_read_mem	40	static
/Users/felix/Desktop/Rocket-Avionics/board-drivers/M24256E/src/M24256E.c:271:17:eeprom_read_cda	32	static
/Users/felix/Desktop/Rocket-Avionics/board-drivers/M24256E/src/M24256E.c:290:17:eeprom_read_id_page	40	static
/Users/felix/Desktop/Rocket-Avionics/board-drivers/M24256E/src/M24256E.c:319:17:eeprom_is_id_page_locked	32	static
