../Core/Src/main.c:81:5:main	80	static,ignoring_inline_asm
../Core/Src/main.c:193:6:SystemClock_Config	88	static
../Core/Src/main.c:239:13:MX_RTC_Init	8	static
../Core/Src/main.c:272:13:MX_GPIO_Init	48	static
../Core/Src/main.c:326:6:StartTFTPTask	16	static
../Core/Src/main.c:339:6:deinitEverything	8	static
../Core/Src/main.c:362:6:StartDefaultTask	16	static
../Core/Src/main.c:384:6:HAL_TIM_PeriodElapsedCallback	16	static
../Core/Src/main.c:400:6:Error_Handler	4	static,ignoring_inline_asm
