C:/Users/felix/Desktop/MASA/Rocket-Avionics/board-drivers/ADS1120/src/ADS1120.c:13:6:delay_us	32	static
C:/Users/felix/Desktop/MASA/Rocket-Avionics/board-drivers/ADS1120/src/ADS1120.c:26:8:ADS_convertRawToMicrovolts	16	static
C:/Users/felix/Desktop/MASA/Rocket-Avionics/board-drivers/ADS1120/src/ADS1120.c:31:7:ADS_polyMicrovoltsToTemp	40	static
C:/Users/felix/Desktop/MASA/Rocket-Avionics/board-drivers/ADS1120/src/ADS1120.c:54:8:ADS_polyTempToMicrovolts	24	static
C:/Users/felix/Desktop/MASA/Rocket-Avionics/board-drivers/ADS1120/src/ADS1120.c:83:6:ADSTC_chipSelect	16	static
C:/Users/felix/Desktop/MASA/Rocket-Avionics/board-drivers/ADS1120/src/ADS1120.c:87:6:ADSTC_chipRelease	16	static
C:/Users/felix/Desktop/MASA/Rocket-Avionics/board-drivers/ADS1120/src/ADS1120.c:91:6:ADS_configTC	24	static
C:/Users/felix/Desktop/MASA/Rocket-Avionics/board-drivers/ADS1120/src/ADS1120.c:118:5:ADS_init	40	static
C:/Users/felix/Desktop/MASA/Rocket-Avionics/board-drivers/ADS1120/src/ADS1120.c:132:9:ADS_timerStatus	32	static
C:/Users/felix/Desktop/MASA/Rocket-Avionics/board-drivers/ADS1120/src/ADS1120.c:171:6:vTCTask	160	dynamic
C:/Users/felix/Desktop/MASA/Rocket-Avionics/board-drivers/ADS1120/src/ADS1120.c:388:19:ADS_write	32	static
C:/Users/felix/Desktop/MASA/Rocket-Avionics/board-drivers/ADS1120/src/ADS1120.c:402:19:ADS_read	32	static
C:/Users/felix/Desktop/MASA/Rocket-Avionics/board-drivers/ADS1120/src/ADS1120.c:415:6:ADS_chipSelect	16	static
C:/Users/felix/Desktop/MASA/Rocket-Avionics/board-drivers/ADS1120/src/ADS1120.c:419:6:ADS_chipRelease	16	static
C:/Users/felix/Desktop/MASA/Rocket-Avionics/board-drivers/ADS1120/src/ADS1120.c:423:5:ADS_configure	40	static
C:/Users/felix/Desktop/MASA/Rocket-Avionics/board-drivers/ADS1120/src/ADS1120.c:458:5:ADS_configureChip	32	static
C:/Users/felix/Desktop/MASA/Rocket-Avionics/board-drivers/ADS1120/src/ADS1120.c:478:5:ADS_readIndividual	40	static
C:/Users/felix/Desktop/MASA/Rocket-Avionics/board-drivers/ADS1120/src/ADS1120.c:498:5:ADS_readIndividualwTimestamp	40	static
C:/Users/felix/Desktop/MASA/Rocket-Avionics/board-drivers/ADS1120/src/ADS1120.c:520:5:ADS_readAll	40	static
C:/Users/felix/Desktop/MASA/Rocket-Avionics/board-drivers/ADS1120/src/ADS1120.c:544:5:ADS_readAllwTimestamps	40	static
C:/Users/felix/Desktop/MASA/Rocket-Avionics/board-drivers/ADS1120/src/ADS1120.c:570:5:ADS_readInternalTemp	24	static
C:/Users/felix/Desktop/MASA/Rocket-Avionics/board-drivers/ADS1120/src/ADS1120.c:580:5:ADS_switchConf	24	static
