../LWIP/Target/ethernetif.c:779:9:ETH_PHY_IO_DeInit	0	static
../LWIP/Target/ethernetif.c:484:22:low_level_input	16	static
../LWIP/Target/ethernetif.c:505:6:ethernetif_input	16	static
../LWIP/Target/ethernetif.c:412:14:low_level_output	64	static
../LWIP/Target/ethernetif.c:241:13:low_level_init	176	static
../LWIP/Target/ethernetif.c:613:6:pbuf_free_custom	8	static
../LWIP/Target/ethernetif.c:822:9:ETH_PHY_IO_GetTick	8	static
../LWIP/Target/ethernetif.c:762:9:ETH_PHY_IO_Init	8	static
../LWIP/Target/ethernetif.c:791:9:ETH_PHY_IO_ReadReg	8	static
../LWIP/Target/ethernetif.c:808:9:ETH_PHY_IO_WriteReg	8	static
../LWIP/Target/ethernetif.c:201:6:HAL_ETH_RxCpltCallback	8	static
../LWIP/Target/ethernetif.c:210:6:HAL_ETH_TxCpltCallback	8	static
../LWIP/Target/ethernetif.c:219:6:HAL_ETH_ErrorCallback	8	static
../LWIP/Target/ethernetif.c:562:7:ethernetif_init	8	static
../LWIP/Target/ethernetif.c:636:7:sys_now	8	static
../LWIP/Target/ethernetif.c:649:6:HAL_ETH_MspInit	72	static
../LWIP/Target/ethernetif.c:714:6:HAL_ETH_MspDeInit	8	static
../LWIP/Target/ethernetif.c:831:6:ethernet_link_thread	128	static
../LWIP/Target/ethernetif.c:901:6:HAL_ETH_RxAllocateCallback	16	static
../LWIP/Target/ethernetif.c:924:6:HAL_ETH_RxLinkCallback	8	static,ignoring_inline_asm
../LWIP/Target/ethernetif.c:964:6:HAL_ETH_TxFreeCallback	8	static
