../LWIP/Target/ethernetif.c:202:6:HAL_ETH_RxCpltCallback	16	static
../LWIP/Target/ethernetif.c:211:6:HAL_ETH_TxCpltCallback	16	static
../LWIP/Target/ethernetif.c:220:6:HAL_ETH_ErrorCallback	16	static
../LWIP/Target/ethernetif.c:242:13:low_level_init	176	static
../LWIP/Target/ethernetif.c:415:14:low_level_output	80	static
../LWIP/Target/ethernetif.c:487:22:low_level_input	24	static
../LWIP/Target/ethernetif.c:508:6:ethernetif_input	24	static
../LWIP/Target/ethernetif.c:565:7:ethernetif_init	16	static
../LWIP/Target/ethernetif.c:616:6:pbuf_free_custom	24	static
../LWIP/Target/ethernetif.c:639:7:sys_now	8	static
../LWIP/Target/ethernetif.c:652:6:HAL_ETH_MspInit	64	static
../LWIP/Target/ethernetif.c:723:6:HAL_ETH_MspDeInit	16	static
../LWIP/Target/ethernetif.c:769:9:ETH_PHY_IO_Init	8	static
../LWIP/Target/ethernetif.c:786:9:ETH_PHY_IO_DeInit	4	static
../LWIP/Target/ethernetif.c:798:9:ETH_PHY_IO_ReadReg	24	static
../LWIP/Target/ethernetif.c:815:9:ETH_PHY_IO_WriteReg	24	static
../LWIP/Target/ethernetif.c:829:9:ETH_PHY_IO_GetTick	8	static
../LWIP/Target/ethernetif.c:838:6:ethernet_link_thread	136	static
../LWIP/Target/ethernetif.c:920:6:HAL_ETH_RxAllocateCallback	32	static
../LWIP/Target/ethernetif.c:943:6:HAL_ETH_RxLinkCallback	56	static,ignoring_inline_asm
../LWIP/Target/ethernetif.c:983:6:HAL_ETH_TxFreeCallback	16	static
../LWIP/Target/ethernetif.c:998:6:sys_lock_tcpip_core	8	static
../LWIP/Target/ethernetif.c:1003:6:sys_unlock_tcpip_core	8	static
../LWIP/Target/ethernetif.c:1008:6:sys_check_core_locking	16	static,ignoring_inline_asm
../LWIP/Target/ethernetif.c:1029:6:sys_mark_tcpip_thread	8	static
