../Core/Src/stm32h7xx_it.c:73:6:NMI_Handler	4	static
../Core/Src/stm32h7xx_it.c:88:6:HardFault_Handler	4	static
../Core/Src/stm32h7xx_it.c:103:6:MemManage_Handler	4	static
../Core/Src/stm32h7xx_it.c:118:6:BusFault_Handler	4	static
../Core/Src/stm32h7xx_it.c:133:6:UsageFault_Handler	4	static
../Core/Src/stm32h7xx_it.c:148:6:DebugMon_Handler	4	static
../Core/Src/stm32h7xx_it.c:167:6:TIM8_TRG_COM_TIM14_IRQHandler	8	static
../Core/Src/stm32h7xx_it.c:181:6:TIM6_DAC_IRQHandler	8	static
../Core/Src/stm32h7xx_it.c:195:6:ETH_IRQHandler	8	static
../Core/Src/stm32h7xx_it.c:209:6:USART10_IRQHandler	8	static
