Archive member included to satisfy reference by file (symbol)

C:/ST/STM32CubeIDE_1.13.1/STM32CubeIDE/plugins/com.st.stm32cube.ide.mcu.externaltools.gnu-tools-for-stm32.12.3.rel1.win32_1.0.200.202406191623/tools/bin/../lib/gcc/arm-none-eabi/12.3.1/../../../../arm-none-eabi/lib/thumb/v7e-m+dp/hard\libc_nano.a(libc_a-exit.o)
                              C:/ST/STM32CubeIDE_1.13.1/STM32CubeIDE/plugins/com.st.stm32cube.ide.mcu.externaltools.gnu-tools-for-stm32.12.3.rel1.win32_1.0.200.202406191623/tools/bin/../lib/gcc/arm-none-eabi/12.3.1/../../../../arm-none-eabi/lib/thumb/v7e-m+dp/hard/crt0.o (exit)
C:/ST/STM32CubeIDE_1.13.1/STM32CubeIDE/plugins/com.st.stm32cube.ide.mcu.externaltools.gnu-tools-for-stm32.12.3.rel1.win32_1.0.200.202406191623/tools/bin/../lib/gcc/arm-none-eabi/12.3.1/../../../../arm-none-eabi/lib/thumb/v7e-m+dp/hard\libc_nano.a(libc_a-findfp.o)
                              ./Middlewares/Third_Party/FreeRTOS/Source/tasks.o (__sf)
C:/ST/STM32CubeIDE_1.13.1/STM32CubeIDE/plugins/com.st.stm32cube.ide.mcu.externaltools.gnu-tools-for-stm32.12.3.rel1.win32_1.0.200.202406191623/tools/bin/../lib/gcc/arm-none-eabi/12.3.1/../../../../arm-none-eabi/lib/thumb/v7e-m+dp/hard\libc_nano.a(libc_a-fwalk.o)
                              C:/ST/STM32CubeIDE_1.13.1/STM32CubeIDE/plugins/com.st.stm32cube.ide.mcu.externaltools.gnu-tools-for-stm32.12.3.rel1.win32_1.0.200.202406191623/tools/bin/../lib/gcc/arm-none-eabi/12.3.1/../../../../arm-none-eabi/lib/thumb/v7e-m+dp/hard\libc_nano.a(libc_a-findfp.o) (_fwalk_sglue)
C:/ST/STM32CubeIDE_1.13.1/STM32CubeIDE/plugins/com.st.stm32cube.ide.mcu.externaltools.gnu-tools-for-stm32.12.3.rel1.win32_1.0.200.202406191623/tools/bin/../lib/gcc/arm-none-eabi/12.3.1/../../../../arm-none-eabi/lib/thumb/v7e-m+dp/hard\libc_nano.a(libc_a-stdio.o)
                              C:/ST/STM32CubeIDE_1.13.1/STM32CubeIDE/plugins/com.st.stm32cube.ide.mcu.externaltools.gnu-tools-for-stm32.12.3.rel1.win32_1.0.200.202406191623/tools/bin/../lib/gcc/arm-none-eabi/12.3.1/../../../../arm-none-eabi/lib/thumb/v7e-m+dp/hard\libc_nano.a(libc_a-findfp.o) (__sread)
C:/ST/STM32CubeIDE_1.13.1/STM32CubeIDE/plugins/com.st.stm32cube.ide.mcu.externaltools.gnu-tools-for-stm32.12.3.rel1.win32_1.0.200.202406191623/tools/bin/../lib/gcc/arm-none-eabi/12.3.1/../../../../arm-none-eabi/lib/thumb/v7e-m+dp/hard\libc_nano.a(libc_a-memset.o)
                              C:/ST/STM32CubeIDE_1.13.1/STM32CubeIDE/plugins/com.st.stm32cube.ide.mcu.externaltools.gnu-tools-for-stm32.12.3.rel1.win32_1.0.200.202406191623/tools/bin/../lib/gcc/arm-none-eabi/12.3.1/../../../../arm-none-eabi/lib/thumb/v7e-m+dp/hard/crt0.o (memset)
C:/ST/STM32CubeIDE_1.13.1/STM32CubeIDE/plugins/com.st.stm32cube.ide.mcu.externaltools.gnu-tools-for-stm32.12.3.rel1.win32_1.0.200.202406191623/tools/bin/../lib/gcc/arm-none-eabi/12.3.1/../../../../arm-none-eabi/lib/thumb/v7e-m+dp/hard\libc_nano.a(libc_a-closer.o)
                              C:/ST/STM32CubeIDE_1.13.1/STM32CubeIDE/plugins/com.st.stm32cube.ide.mcu.externaltools.gnu-tools-for-stm32.12.3.rel1.win32_1.0.200.202406191623/tools/bin/../lib/gcc/arm-none-eabi/12.3.1/../../../../arm-none-eabi/lib/thumb/v7e-m+dp/hard\libc_nano.a(libc_a-stdio.o) (_close_r)
C:/ST/STM32CubeIDE_1.13.1/STM32CubeIDE/plugins/com.st.stm32cube.ide.mcu.externaltools.gnu-tools-for-stm32.12.3.rel1.win32_1.0.200.202406191623/tools/bin/../lib/gcc/arm-none-eabi/12.3.1/../../../../arm-none-eabi/lib/thumb/v7e-m+dp/hard\libc_nano.a(libc_a-reent.o)
                              ./Middlewares/Third_Party/FreeRTOS/Source/tasks.o (_reclaim_reent)
C:/ST/STM32CubeIDE_1.13.1/STM32CubeIDE/plugins/com.st.stm32cube.ide.mcu.externaltools.gnu-tools-for-stm32.12.3.rel1.win32_1.0.200.202406191623/tools/bin/../lib/gcc/arm-none-eabi/12.3.1/../../../../arm-none-eabi/lib/thumb/v7e-m+dp/hard\libc_nano.a(libc_a-impure.o)
                              ./Middlewares/Third_Party/FreeRTOS/Source/tasks.o (_impure_ptr)
C:/ST/STM32CubeIDE_1.13.1/STM32CubeIDE/plugins/com.st.stm32cube.ide.mcu.externaltools.gnu-tools-for-stm32.12.3.rel1.win32_1.0.200.202406191623/tools/bin/../lib/gcc/arm-none-eabi/12.3.1/../../../../arm-none-eabi/lib/thumb/v7e-m+dp/hard\libc_nano.a(libc_a-lseekr.o)
                              C:/ST/STM32CubeIDE_1.13.1/STM32CubeIDE/plugins/com.st.stm32cube.ide.mcu.externaltools.gnu-tools-for-stm32.12.3.rel1.win32_1.0.200.202406191623/tools/bin/../lib/gcc/arm-none-eabi/12.3.1/../../../../arm-none-eabi/lib/thumb/v7e-m+dp/hard\libc_nano.a(libc_a-stdio.o) (_lseek_r)
C:/ST/STM32CubeIDE_1.13.1/STM32CubeIDE/plugins/com.st.stm32cube.ide.mcu.externaltools.gnu-tools-for-stm32.12.3.rel1.win32_1.0.200.202406191623/tools/bin/../lib/gcc/arm-none-eabi/12.3.1/../../../../arm-none-eabi/lib/thumb/v7e-m+dp/hard\libc_nano.a(libc_a-readr.o)
[...]
Memory Configuration

Name             Origin             Length             Attributes
ITCMRAM          0x00000000         0x00010000         xrw
DTCMRAM          0x20000000         0x00020000         xrw
FLASH            0x08000000         0x00100000         xr
RAM_D1           0x24000000         0x00050000         xrw
RAM_D2           0x30000000         0x00008000         xrw
RAM_D3           0x38000000         0x00004000         xrw
*default*        0x00000000         0xffffffff

Linker script and memory map

LOAD C:/ST/STM32CubeIDE_1.13.1/STM32CubeIDE/plugins/com.st.stm32cube.ide.mcu.externaltools.gnu-tools-for-stm32.12.3.rel1.win32_1.0.200.202406191623/tools/bin/../lib/gcc/arm-none-eabi/12.3.1/thumb/v7e-m+dp/hard/crti.o
LOAD C:/ST/STM32CubeIDE_1.13.1/STM32CubeIDE/plugins/com.st.stm32cube.ide.mcu.externaltools.gnu-tools-for-stm32.12.3.rel1.win32_1.0.200.202406191623/tools/bin/../lib/gcc/arm-none-eabi/12.3.1/thumb/v7e-m+dp/hard/crtbegin.o
LOAD C:/ST/STM32CubeIDE_1.13.1/STM32CubeIDE/plugins/com.st.stm32cube.ide.mcu.externaltools.gnu-tools-for-stm32.12.3.rel1.win32_1.0.200.202406191623/tools/bin/../lib/gcc/arm-none-eabi/12.3.1/../../../../arm-none-eabi/lib/thumb/v7e-m+dp/hard/crt0.o
LOAD ./Core/Src/LSM6DSO32XTR.o
LOAD ./Core/Src/W25N01GV.o
LOAD ./Core/Src/W25N02GV.o
LOAD ./Core/Src/freertos.o
LOAD ./Core/Src/main.o
LOAD ./Core/Src/stm32h7xx_hal_msp.o
LOAD ./Core/Src/stm32h7xx_hal_timebase_tim.o
LOAD ./Core/Src/stm32h7xx_it.o
LOAD ./Core/Src/syscalls.o
LOAD ./Core/Src/sysmem.o
LOAD ./Core/Src/system_stm32h7xx.o
LOAD ./Core/Startup/startup_stm32h723zgtx.o
LOAD ./Drivers/STM32H7xx_HAL_Driver/Src/stm32h7xx_hal.o
LOAD ./Drivers/STM32H7xx_HAL_Driver/Src/stm32h7xx_hal_cortex.o
LOAD ./Drivers/STM32H7xx_HAL_Driver/Src/stm32h7xx_hal_dma.o
LOAD ./Drivers/STM32H7xx_HAL_Driver/Src/stm32h7xx_hal_dma_ex.o
LOAD ./Drivers/STM32H7xx_HAL_Driver/Src/stm32h7xx_hal_exti.o
LOAD ./Drivers/STM32H7xx_HAL_Driver/Src/stm32h7xx_hal_flash.o
LOAD ./Drivers/STM32H7xx_HAL_Driver/Src/stm32h7xx_hal_flash_ex.o
LOAD ./Drivers/STM32H7xx_HAL_Driver/Src/stm32h7xx_hal_gpio.o
LOAD ./Drivers/STM32H7xx_HAL_Driver/Src/stm32h7xx_hal_hsem.o
LOAD ./Drivers/STM32H7xx_HAL_Driver/Src/stm32h7xx_hal_i2c.o
LOAD ./Drivers/STM32H7xx_HAL_Driver/Src/stm32h7xx_hal_i2c_ex.o
LOAD ./Drivers/STM32H7xx_HAL_Driver/Src/stm32h7xx_hal_mdma.o
LOAD ./Drivers/STM32H7xx_HAL_Driver/Src/stm32h7xx_hal_pwr.o
LOAD ./Drivers/STM32H7xx_HAL_Driver/Src/stm32h7xx_hal_pwr_ex.o
LOAD ./Drivers/STM32H7xx_HAL_Driver/Src/stm32h7xx_hal_rcc.o
LOAD ./Drivers/STM32H7xx_HAL_Driver/Src/stm32h7xx_hal_rcc_ex.o
LOAD ./Drivers/STM32H7xx_HAL_Driver/Src/stm32h7xx_hal_spi.o
LOAD ./Drivers/STM32H7xx_HAL_Driver/Src/stm32h7xx_hal_spi_ex.o
LOAD ./Drivers/STM32H7xx_HAL_Driver/Src/stm32h7xx_hal_tim.o
LOAD ./Drivers/STM32H7xx_HAL_Driver/Src/stm32h7xx_hal_tim_ex.o
LOAD ./Drivers/STM32H7xx_HAL_Driver/Src/stm32h7xx_hal_uart.o
LOAD ./Drivers/STM32H7xx_HAL_Driver/Src/stm32h7xx_hal_uart_ex.o
LOAD ./Middlewares/Third_Party/FreeRTOS/Source/CMSIS_RTOS_V2/cmsis_os2.o
LOAD ./Middlewares/Third_Party/FreeRTOS/Source/croutine.o
LOAD ./Middlewares/Third_Party/FreeRTOS/Source/event_groups.o
LOAD ./Middlewares/Third_Party/FreeRTOS/Source/list.o
LOAD ./Middlewares/Third_Party/FreeRTOS/Source/queue.o
LOAD ./Middlewares/Third_Party/FreeRTOS/Source/stream_buffer.o
LOAD ./Middlewares/Third_Party/FreeRTOS/Source/tasks.o
LOAD ./Middlewares/Third_Party/FreeRTOS/Source/timers.o
LOAD ./Middlewares/Third_Party/FreeRTOS/Source/portable/GCC/ARM_CM4F/port.o
LOAD ./Middlewares/Third_Party/FreeRTOS/Source/portable/MemMang/heap_4.o
START GROUP
LOAD C:/ST/STM32CubeIDE_1.13.1/STM32CubeIDE/plugins/com.st.stm32cube.ide.mcu.externaltools.gnu-tools-for-stm32.12.3.rel1.win32_1.0.200.202406191623/tools/bin/../lib/gcc/arm-none-eabi/12.3.1/../../../../arm-none-eabi/lib/thumb/v7e-m+dp/hard\libc_nano.a
LOAD C:/ST/STM32CubeIDE_1.13.1/STM32CubeIDE/plugins/com.st.stm32cube.ide.mcu.externaltools.gnu-tools-for-stm32.12.3.rel1.win32_1.0.200.202406191623/tools/bin/../lib/gcc/arm-none-eabi/12.3.1/../../../../arm-none-eabi/lib/thumb/v7e-m+dp/hard\libm.a
END GROUP
START GROUP
LOAD C:/ST/STM32CubeIDE_1.13.1/STM32CubeIDE/plugins/com.st.stm32cube.ide.mcu.externaltools.gnu-tools-for-stm32.12.3.rel1.win32_1.0.200.202406191623/tools/bin/../lib/gcc/arm-none-eabi/12.3.1/thumb/v7e-m+dp/hard\libgcc.a
LOAD C:/ST/STM32CubeIDE_1.13.1/STM32CubeIDE/plugins/com.st.stm32cube.ide.mcu.externaltools.gnu-tools-for-stm32.12.3.rel1.win32_1.0.200.202406191623/tools/bin/../lib/gcc/arm-none-eabi/12.3.1/../../../../arm-none-eabi/lib/thumb/v7e-m+dp/hard\libc_nano.a
END GROUP
START GROUP
LOAD C:/ST/STM32CubeIDE_1.13.1/STM32CubeIDE/plugins/com.st.stm32cube.ide.mcu.externaltools.gnu-tools-for-stm32.12.3.rel1.win32_1.0.200.202406191623/tools/bin/../lib/gcc/arm-none-eabi/12.3.1/thumb/v7e-m+dp/hard\libgcc.a
LOAD C:/ST/STM32CubeIDE_1.13.1/STM32CubeIDE/plugins/com.st.stm32cube.ide.mcu.externaltools.gnu-tools-for-stm32.12.3.rel1.win32_1.0.200.202406191623/tools/bin/../lib/gcc/arm-none-eabi/12.3.1/../../../../arm-none-eabi/lib/thumb/v7e-m+dp/hard\libc_nano.a
LOAD C:/ST/STM32CubeIDE_1.13.1/STM32CubeIDE/plugins/com.st.stm32cube.ide.mcu.externaltools.gnu-tools-for-stm32.12.3.rel1.win32_1.0.200.202406191623/tools/bin/../lib/gcc/arm-none-eabi/12.3.1/../../../../arm-none-eabi/lib/thumb/v7e-m+dp/hard\libnosys.a
END GROUP
START GROUP
LOAD C:/ST/STM32CubeIDE_1.13.1/STM32CubeIDE/plugins/com.st.stm32cube.ide.mcu.externaltools.gnu-tools-for-stm32.12.3.rel1.win32_1.0.200.202406191623/tools/bin/../lib/gcc/arm-none-eabi/12.3.1/thumb/v7e-m+dp/hard\libgcc.a
LOAD C:/ST/STM32CubeIDE_1.13.1/STM32CubeIDE/plugins/com.st.stm32cube.ide.mcu.externaltools.gnu-tools-for-stm32.12.3.rel1.win32_1.0.200.202406191623/tools/bin/../lib/gcc/arm-none-eabi/12.3.1/../../../../arm-none-eabi/lib/thumb/v7e-m+dp/hard\libc_nano.a
LOAD C:/ST/STM32CubeIDE_1.13.1/STM32CubeIDE/plugins/com.st.stm32cube.ide.mcu.externaltools.gnu-tools-for-stm32.12.3.rel1.win32_1.0.200.202406191623/tools/bin/../lib/gcc/arm-none-eabi/12.3.1/../../../../arm-none-eabi/lib/thumb/v7e-m+dp/hard\libnosys.a
END GROUP
LOAD C:/ST/STM32CubeIDE_1.13.1/STM32CubeIDE/plugins/com.st.stm32cube.ide.mcu.externaltools.gnu-tools-for-stm32.12.3.rel1.win32_1.0.200.202406191623/tools/bin/../lib/gcc/arm-none-eabi/12.3.1/thumb/v7e-m+dp/hard/crtend.o
LOAD C:/ST/STM32CubeIDE_1.13.1/STM32CubeIDE/plugins/com.st.stm32cube.ide.mcu.externaltools.gnu-tools-for-stm32.12.3.rel1.win32_1.0.200.202406191623/tools/bin/../lib/gcc/arm-none-eabi/12.3.1/thumb/v7e-m+dp/hard/crtn.o
                0x24050000                        _estack = (ORIGIN (RAM_D1) + LENGTH (RAM_D1))
                0x00000200                        _Min_Heap_Size = 0x200
                0x00000400                        _Min_Stack_Size = 0x400

.isr_vector     0x08000000      0x2cc
                0x08000000                        . = ALIGN (0x4)
 *(.isr_vector)
 .isr_vector    0x08000000      0x2cc ./Core/Startup/startup_stm32h723zgtx.o
                0x08000000                g_pfnVectors
                0x080002cc                        . = ALIGN (0x4)

.text           0x080002d0     0xb470
                0x080002d0                        . = ALIGN (0x4)
 *(.text)
 .text          0x080002d0       0x40 C:/ST/STM32CubeIDE_1.13.1/STM32CubeIDE/plugins/com.st.stm32cube.ide.mcu.externaltools.gnu-tools-for-stm32.12.3.rel1.win32_1.0.200.202406191623/tools/bin/../lib/gcc/arm-none-eabi/12.3.1/thumb/v7e-m+dp/hard/crtbegin.o
 .text          0x08000310       0x30 C:/ST/STM32CubeIDE_1.13.1/STM32CubeIDE/plugins/com.st.stm32cube.ide.mcu.externaltools.gnu-tools-for-stm32.12.3.rel1.win32_1.0.200.202406191623/tools/bin/../lib/gcc/arm-none-eabi/12.3.1/thumb/v7e-m+dp/hard\libgcc.a(_aeabi_uldivmod.o)
                0x08000310                __aeabi_uldivmod
 .text          0x08000340      0x2bc C:/ST/STM32CubeIDE_1.13.1/STM32CubeIDE/plugins/com.st.stm32cube.ide.mcu.externaltools.gnu-tools-for-stm32.12.3.rel1.win32_1.0.200.202406191623/tools/bin/../lib/gcc/arm-none-eabi/12.3.1/thumb/v7e-m+dp/hard\libgcc.a(_udivmoddi4.o)
                0x08000340                __udivmoddi4
 .text          0x080005fc        0x4 C:/ST/STM32CubeIDE_1.13.1/STM32CubeIDE/plugins/com.st.stm32cube.ide.mcu.externaltools.gnu-tools-for-stm32.12.3.rel1.win32_1.0.200.202406191623/tools/bin/../lib/gcc/arm-none-eabi/12.3.1/thumb/v7e-m+dp/hard\libgcc.a(_dvmd_tls.o)
                0x080005fc                __aeabi_idiv0
                0x080005fc                __aeabi_ldiv0
 *(.text*)
 .text.IMU_accelConvert
                0x08000600       0x64 ./Core/Src/LSM6DSO32XTR.o
                0x08000600                IMU_accelConvert
 .text.IMU_gyroConvert
                0x08000664       0x5c ./Core/Src/LSM6DSO32XTR.o
                0x08000664                IMU_gyroConvert
 .text.IMU_read
                0x080006c0       0x58 ./Core/Src/LSM6DSO32XTR.o
                0x080006c0                IMU_read
 .text.IMU_write
                0x08000718       0x40 ./Core/Src/LSM6DSO32XTR.o
                0x08000718                IMU_write
 .text.IMU_init
                0x08000758       0x6e ./Core/Src/LSM6DSO32XTR.o
                0x08000758                IMU_init
 .text.IMU_getAccel
                0x080007c6       0x82 ./Core/Src/LSM6DSO32XTR.o
                0x080007c6                IMU_getAccel
 .text.IMU_getAngRate
                0x08000848       0x82 ./Core/Src/LSM6DSO32XTR.o
                0x08000848                IMU_getAngRate
 .text.spi_transmit
                0x080008ca       0x60 ./Core/Src/W25N01GV.o
 .text.spi_transmit_receive
                0x0800092a       0x7c ./Core/Src/W25N01GV.o
 .text.read_status_register
                0x080009a6       0x32 ./Core/Src/W25N01GV.o
 .text.flash_is_busy
                0x080009d8       0x24 ./Core/Src/W25N01GV.o
 .text.wait_for_operation
                0x080009fc       0x3c ./Core/Src/W25N01GV.o
 .text.write_status_register
                0x08000a38       0x3a ./Core/Src/W25N01GV.o
 .text.load_page
                0x08000a72       0x4c ./Core/Src/W25N01GV.o
 .text.unlock_flash
                0x08000abe       0x30 ./Core/Src/W25N01GV.o
 .text.lock_flash
                0x08000aee       0x38 ./Core/Src/W25N01GV.o
 .text.enable_write
                0x08000b26       0x22 ./Core/Src/W25N01GV.o
 .text.disable_write
                0x08000b48       0x22 ./Core/Src/W25N01GV.o
 .text.write_page_to_buffer
                0x08000b6a       0xae ./Core/Src/W25N01GV.o
 .text.program_buffer_to_memory
                0x08000c18       0x50 ./Core/Src/W25N01GV.o
 .text.get_write_failure_status
                0x08000c68       0x46 ./Core/Src/W25N01GV.o
 .text.get_erase_failure_status
                0x08000cae       0x46 ./Core/Src/W25N01GV.o
 .text.erase_block
                0x08000cf4       0x60 ./Core/Src/W25N01GV.o
 .text.get_ECC_status
                0x08000d54       0x8e ./Core/Src/W25N01GV.o
 .text.read_flash_buffer
                0x08000de2       0x50 ./Core/Src/W25N01GV.o
 .text.read_bytes_from_page
                0x08000e32       0x3a ./Core/Src/W25N01GV.o
 .text.write_bytes_to_page
                0x08000e6c       0x46 ./Core/Src/W25N01GV.o
 .text.enable_ECC
                0x08000eb2       0x38 ./Core/Src/W25N01GV.o
 .text.enable_buffer_mode
                0x08000eea       0x38 ./Core/Src/W25N01GV.o
 .text.find_write_ptr
                0x08000f22      0x300 ./Core/Src/W25N01GV.o
 .text.init_flash
                0x08001222       0x6e ./Core/Src/W25N01GV.o
                0x08001222                init_flash
 .text.ping_flash
                0x08001290       0x4e ./Core/Src/W25N01GV.o
                0x08001290                ping_flash
 *fill*         0x080012de        0x2 
 .text.reset_flash
                0x080012e0       0x40 ./Core/Src/W25N01GV.o
                0x080012e0                reset_flash
 .text.write_to_flash_contiguous
                0x08001320       0xde ./Core/Src/W25N01GV.o
 *fill*         0x080013fe        0x2 
 .text.write_to_flash
                0x08001400      0x198 ./Core/Src/W25N01GV.o
                0x08001400                write_to_flash
 .text.reset_flash_read_pointer
                0x08001598       0x1c ./Core/Src/W25N01GV.o
                0x08001598                reset_flash_read_pointer
 .text.read_next_2KB_from_flash
                0x080015b4       0x3e ./Core/Src/W25N01GV.o
                0x080015b4                read_next_2KB_from_flash
 .text.erase_flash
                0x080015f2       0x64 ./Core/Src/W25N01GV.o
                0x080015f2                erase_flash
 *fill*         0x08001656        0x2 
 .text.get_bytes_remaining
                0x08001658       0x34 ./Core/Src/W25N01GV.o
                0x08001658                get_bytes_remaining
 .text.add_test_delimiter
                0x0800168c       0x4c ./Core/Src/W25N01GV.o
                0x0800168c                add_test_delimiter
 .text.main     0x080016d8       0x48 ./Core/Src/main.o
                0x080016d8                main
 .text.SystemClock_Config
                0x08001720       0xe0 ./Core/Src/main.o
                0x08001720                SystemClock_Config
 .text.MX_I2C2_Init
                0x08001800       0x80 ./Core/Src/main.o
 .text.MX_SPI3_Init
                0x08001880       0xac ./Core/Src/main.o
 .text.MX_USART3_UART_Init
                0x0800192c       0x98 ./Core/Src/main.o
 .text.MX_GPIO_Init
                0x080019c4       0xe0 ./Core/Src/main.o
 .text.getTimestamp
                0x08001aa4       0x22 ./Core/Src/main.o
                0x08001aa4                getTimestamp
 *fill*         0x08001ac6        0x2 
 .text.StartDefaultTask
                0x08001ac8      0x2a8 ./Core/Src/main.o
                0x08001ac8                StartDefaultTask
 .text.MPU_Config
                0x08001d70       0x58 ./Core/Src/main.o
 .text.HAL_TIM_PeriodElapsedCallback
                0x08001dc8       0x24 ./Core/Src/main.o
                0x08001dc8                HAL_TIM_PeriodElapsedCallback
 .text.Error_Handler
                0x08001dec        0xc ./Core/Src/main.o
                0x08001dec                Error_Handler
 .text.HAL_MspInit
                0x08001df8       0x3c ./Core/Src/stm32h7xx_hal_msp.o
                0x08001df8                HAL_MspInit
 .text.HAL_I2C_MspInit
                0x08001e34       0xd0 ./Core/Src/stm32h7xx_hal_msp.o
                0x08001e34                HAL_I2C_MspInit
 .text.HAL_SPI_MspInit
                0x08001f04       0xd0 ./Core/Src/stm32h7xx_hal_msp.o
                0x08001f04                HAL_SPI_MspInit
 .text.HAL_UART_MspInit
                0x08001fd4       0xd4 ./Core/Src/stm32h7xx_hal_msp.o
                0x08001fd4                HAL_UART_MspInit
 .text.HAL_InitTick
                0x080020a8       0xd8 ./Core/Src/stm32h7xx_hal_timebase_tim.o
                0x080020a8                HAL_InitTick
 .text.NMI_Handler
                0x08002180        0x8 ./Core/Src/stm32h7xx_it.o
                0x08002180                NMI_Handler
 .text.HardFault_Handler
                0x08002188        0x8 ./Core/Src/stm32h7xx_it.o
                0x08002188                HardFault_Handler
 .text.MemManage_Handler
                0x08002190        0x8 ./Core/Src/stm32h7xx_it.o
                0x08002190                MemManage_Handler
 .text.BusFault_Handler
                0x08002198        0x8 ./Core/Src/stm32h7xx_it.o
                0x08002198                BusFault_Handler
 .text.UsageFault_Handler
                0x080021a0        0x8 ./Core/Src/stm32h7xx_it.o
                0x080021a0                UsageFault_Handler
 .text.DebugMon_Handler
                0x080021a8        0xe ./Core/Src/stm32h7xx_it.o
                0x080021a8                DebugMon_Handler
 *fill*         0x080021b6        0x2 
 .text.TIM6_DAC_IRQHandler
                0x080021b8       0x14 ./Core/Src/stm32h7xx_it.o
                0x080021b8                TIM6_DAC_IRQHandler
 .text.SystemInit
                0x080021cc       0xf0 ./Core/Src/system_stm32h7xx.o
                0x080021cc                SystemInit
 .text.Reset_Handler
                0x080022bc       0x50 ./Core/Startup/startup_stm32h723zgtx.o
                0x080022bc                Reset_Handler
 .text.Default_Handler
                0x0800230c        0x2 ./Core/Startup/startup_stm32h723zgtx.o
                0x0800230c                RTC_Alarm_IRQHandler
                0x0800230c                EXTI2_IRQHandler
                0x0800230c                TIM8_CC_IRQHandler
                0x0800230c                UART8_IRQHandler
                0x0800230c                SPI4_IRQHandler
                0x0800230c                FDCAN3_IT0_IRQHandler
                0x0800230c                TIM1_CC_IRQHandler
                0x0800230c                BDMA_Channel6_IRQHandler
                0x0800230c                DMA2_Stream5_IRQHandler
                0x0800230c                DMA1_Stream5_IRQHandler
                0x0800230c                CORDIC_IRQHandler
                0x0800230c                BDMA_Channel1_IRQHandler
                0x0800230c                TAMP_STAMP_IRQHandler
                0x0800230c                EXTI3_IRQHandler
                0x0800230c                LPTIM4_IRQHandler
                0x0800230c                TIM8_TRG_COM_TIM14_IRQHandler
                0x0800230c                LPTIM2_IRQHandler
                0x0800230c                DFSDM1_FLT1_IRQHandler
                0x0800230c                DMAMUX2_OVR_IRQHandler
                0x0800230c                TIM8_UP_TIM13_IRQHandler
                0x0800230c                I2C3_ER_IRQHandler
                0x0800230c                DFSDM1_FLT2_IRQHandler
                0x0800230c                I2C5_EV_IRQHandler
                0x0800230c                USART10_IRQHandler
                0x0800230c                MDMA_IRQHandler
                0x0800230c                LPTIM3_IRQHandler
                0x0800230c                HSEM1_IRQHandler
                0x0800230c                EXTI0_IRQHandler
                0x0800230c                I2C2_EV_IRQHandler
                0x0800230c                DMA1_Stream2_IRQHandler
                0x0800230c                FPU_IRQHandler
                0x0800230c                OTG_HS_WKUP_IRQHandler
                0x0800230c                FDCAN1_IT1_IRQHandler
                0x0800230c                LTDC_ER_IRQHandler
                0x0800230c                DMA2_Stream2_IRQHandler
                0x0800230c                SPI1_IRQHandler
                0x0800230c                OCTOSPI1_IRQHandler
                0x0800230c                DMA2_Stream3_IRQHandler
                0x0800230c                OCTOSPI2_IRQHandler
                0x0800230c                DFSDM1_FLT3_IRQHandler
                0x0800230c                TIM23_IRQHandler
                0x0800230c                USART6_IRQHandler
                0x0800230c                TIM17_IRQHandler
                0x0800230c                USART3_IRQHandler
                0x0800230c                BDMA_Channel7_IRQHandler
                0x0800230c                LPTIM5_IRQHandler
                0x0800230c                UART5_IRQHandler
                0x0800230c                ADC3_IRQHandler
                0x0800230c                DMA2_Stream0_IRQHandler
                0x0800230c                TIM4_IRQHandler
                0x0800230c                BDMA_Channel2_IRQHandler
                0x0800230c                I2C1_EV_IRQHandler
                0x0800230c                DMA1_Stream6_IRQHandler
                0x0800230c                DMAMUX1_OVR_IRQHandler
                0x0800230c                DMA1_Stream1_IRQHandler
                0x0800230c                TIM16_IRQHandler
                0x0800230c                UART4_IRQHandler
                0x0800230c                BDMA_Channel5_IRQHandler
                0x0800230c                TIM3_IRQHandler
                0x0800230c                RCC_IRQHandler
                0x0800230c                UART9_IRQHandler
                0x0800230c                TIM8_BRK_TIM12_IRQHandler
                0x0800230c                TIM1_TRG_COM_IRQHandler
                0x0800230c                Default_Handler
                0x0800230c                ECC_IRQHandler
                0x0800230c                FMAC_IRQHandler
                0x0800230c                CEC_IRQHandler
                0x0800230c                EXTI15_10_IRQHandler
                0x0800230c                BDMA_Channel0_IRQHandler
                0x0800230c                ADC_IRQHandler
                0x0800230c                I2C5_ER_IRQHandler
                0x0800230c                DMA1_Stream7_IRQHandler
                0x0800230c                SPI5_IRQHandler
                0x0800230c                TIM7_IRQHandler
                0x0800230c                FDCAN3_IT1_IRQHandler
                0x0800230c                SDMMC1_IRQHandler
                0x0800230c                TIM5_IRQHandler
                0x0800230c                DMA2_Stream7_IRQHandler
                0x0800230c                TIM15_IRQHandler
                0x0800230c                PVD_AVD_IRQHandler
                0x0800230c                I2C3_EV_IRQHandler
                0x0800230c                EXTI9_5_IRQHandler
                0x0800230c                RTC_WKUP_IRQHandler
                0x0800230c                LTDC_IRQHandler
                0x0800230c                ETH_WKUP_IRQHandler
                0x0800230c                SPDIF_RX_IRQHandler
                0x0800230c                SPI2_IRQHandler
                0x0800230c                OTG_HS_EP1_IN_IRQHandler
                0x0800230c                DMA1_Stream0_IRQHandler
                0x0800230c                TIM24_IRQHandler
                0x0800230c                CRS_IRQHandler
                0x0800230c                EXTI4_IRQHandler
                0x0800230c                RNG_IRQHandler
                0x0800230c                FDCAN2_IT1_IRQHandler
                0x0800230c                ETH_IRQHandler
                0x0800230c                TIM1_UP_IRQHandler
                0x0800230c                BDMA_Channel4_IRQHandler
                0x0800230c                OTG_HS_EP1_OUT_IRQHandler
                0x0800230c                WWDG_IRQHandler
                0x0800230c                SPI6_IRQHandler
                0x0800230c                MDIOS_IRQHandler
                0x0800230c                I2C4_EV_IRQHandler
                0x0800230c                FDCAN2_IT0_IRQHandler
                0x0800230c                LPUART1_IRQHandler
                0x0800230c                FDCAN1_IT0_IRQHandler
                0x0800230c                TIM2_IRQHandler
                0x0800230c                OTG_HS_IRQHandler
                0x0800230c                DMA2D_IRQHandler
                0x0800230c                TIM1_BRK_IRQHandler
                0x0800230c                EXTI1_IRQHandler
                0x0800230c                SDMMC2_IRQHandler
                0x0800230c                BDMA_Channel3_IRQHandler
                0x0800230c                DTS_IRQHandler
                0x0800230c                UART7_IRQHandler
                0x0800230c                MDIOS_WKUP_IRQHandler
                0x0800230c                USART2_IRQHandler
                0x0800230c                DFSDM1_FLT0_IRQHandler
                0x0800230c                SAI4_IRQHandler
                0x0800230c                I2C2_ER_IRQHandler
                0x0800230c                DMA2_Stream1_IRQHandler
                0x0800230c                FLASH_IRQHandler
                0x0800230c                DMA2_Stream4_IRQHandler
                0x0800230c                USART1_IRQHandler
                0x0800230c                SPI3_IRQHandler
                0x0800230c                WAKEUP_PIN_IRQHandler
                0x0800230c                DMA1_Stream4_IRQHandler
                0x0800230c                I2C1_ER_IRQHandler
                0x0800230c                FMC_IRQHandler
                0x0800230c                FDCAN_CAL_IRQHandler
                0x0800230c                SWPMI1_IRQHandler
                0x0800230c                COMP1_IRQHandler
                0x0800230c                LPTIM1_IRQHandler
                0x0800230c                DCMI_PSSI_IRQHandler
                0x0800230c                I2C4_ER_IRQHandler
                0x0800230c                DMA2_Stream6_IRQHandler
                0x0800230c                SAI1_IRQHandler
                0x0800230c                DMA1_Stream3_IRQHandler
 *fill*         0x0800230e        0x2 
 .text.HAL_Init
                0x08002310       0x78 ./Drivers/STM32H7xx_HAL_Driver/Src/stm32h7xx_hal.o
                0x08002310                HAL_Init
 .text.HAL_IncTick
                0x08002388       0x28 ./Drivers/STM32H7xx_HAL_Driver/Src/stm32h7xx_hal.o
                0x08002388                HAL_IncTick
 .text.HAL_GetTick
                0x080023b0       0x18 ./Drivers/STM32H7xx_HAL_Driver/Src/stm32h7xx_hal.o
                0x080023b0                HAL_GetTick
 .text.HAL_Delay
                0x080023c8       0x48 ./Drivers/STM32H7xx_HAL_Driver/Src/stm32h7xx_hal.o
                0x080023c8                HAL_Delay
 .text.__NVIC_SetPriorityGrouping
                0x08002410       0x48 ./Drivers/STM32H7xx_HAL_Driver/Src/stm32h7xx_hal_cortex.o
 .text.__NVIC_GetPriorityGrouping
                0x08002458       0x1c ./Drivers/STM32H7xx_HAL_Driver/Src/stm32h7xx_hal_cortex.o
 .text.__NVIC_EnableIRQ
                0x08002474       0x3c ./Drivers/STM32H7xx_HAL_Driver/Src/stm32h7xx_hal_cortex.o
 .text.__NVIC_SetPriority
                0x080024b0       0x54 ./Drivers/STM32H7xx_HAL_Driver/Src/stm32h7xx_hal_cortex.o
 .text.NVIC_EncodePriority
                0x08002504       0x66 ./Drivers/STM32H7xx_HAL_Driver/Src/stm32h7xx_hal_cortex.o
 .text.HAL_NVIC_SetPriorityGrouping
                0x0800256a       0x16 ./Drivers/STM32H7xx_HAL_Driver/Src/stm32h7xx_hal_cortex.o
                0x0800256a                HAL_NVIC_SetPriorityGrouping
 .text.HAL_NVIC_SetPriority
                0x08002580       0x34 ./Drivers/STM32H7xx_HAL_Driver/Src/stm32h7xx_hal_cortex.o
                0x08002580                HAL_NVIC_SetPriority
 .text.HAL_NVIC_EnableIRQ
                0x080025b4       0x1c ./Drivers/STM32H7xx_HAL_Driver/Src/stm32h7xx_hal_cortex.o
                0x080025b4                HAL_NVIC_EnableIRQ
 .text.HAL_MPU_Disable
                0x080025d0       0x30 ./Drivers/STM32H7xx_HAL_Driver/Src/stm32h7xx_hal_cortex.o
                0x080025d0                HAL_MPU_Disable
 .text.HAL_MPU_Enable
                0x08002600       0x40 ./Drivers/STM32H7xx_HAL_Driver/Src/stm32h7xx_hal_cortex.o
                0x08002600                HAL_MPU_Enable
 .text.HAL_MPU_ConfigRegion
                0x08002640       0x80 ./Drivers/STM32H7xx_HAL_Driver/Src/stm32h7xx_hal_cortex.o
                0x08002640                HAL_MPU_ConfigRegion
 .text.HAL_GPIO_Init
                0x080026c0      0x350 ./Drivers/STM32H7xx_HAL_Driver/Src/stm32h7xx_hal_gpio.o
                0x080026c0                HAL_GPIO_Init
 .text.HAL_GPIO_ReadPin
                0x08002a10       0x30 ./Drivers/STM32H7xx_HAL_Driver/Src/stm32h7xx_hal_gpio.o
                0x08002a10                HAL_GPIO_ReadPin
 .text.HAL_GPIO_WritePin
                0x08002a40       0x32 ./Drivers/STM32H7xx_HAL_Driver/Src/stm32h7xx_hal_gpio.o
                0x08002a40                HAL_GPIO_WritePin
 *fill*         0x08002a72        0x2 
 .text.HAL_I2C_Init
                0x08002a74      0x138 ./Drivers/STM32H7xx_HAL_Driver/Src/stm32h7xx_hal_i2c.o
                0x08002a74                HAL_I2C_Init
 .text.HAL_I2C_Master_Transmit
                0x08002bac      0x230 ./Drivers/STM32H7xx_HAL_Driver/Src/stm32h7xx_hal_i2c.o
                0x08002bac                HAL_I2C_Master_Transmit
 .text.HAL_I2C_Master_Receive
                0x08002ddc      0x1ec ./Drivers/STM32H7xx_HAL_Driver/Src/stm32h7xx_hal_i2c.o
                0x08002ddc                HAL_I2C_Master_Receive
 .text.I2C_Flush_TXDR
                0x08002fc8       0x48 ./Drivers/STM32H7xx_HAL_Driver/Src/stm32h7xx_hal_i2c.o
 .text.I2C_WaitOnFlagUntilTimeout
                0x08003010       0xb2 ./Drivers/STM32H7xx_HAL_Driver/Src/stm32h7xx_hal_i2c.o
 .text.I2C_WaitOnTXISFlagUntilTimeout
                0x080030c2       0x8e ./Drivers/STM32H7xx_HAL_Driver/Src/stm32h7xx_hal_i2c.o
 .text.I2C_WaitOnSTOPFlagUntilTimeout
                0x08003150       0x86 ./Drivers/STM32H7xx_HAL_Driver/Src/stm32h7xx_hal_i2c.o
 *fill*         0x080031d6        0x2 
 .text.I2C_WaitOnRXNEFlagUntilTimeout
                0x080031d8      0x118 ./Drivers/STM32H7xx_HAL_Driver/Src/stm32h7xx_hal_i2c.o
 .text.I2C_IsErrorOccurred
                0x080032f0      0x1c0 ./Drivers/STM32H7xx_HAL_Driver/Src/stm32h7xx_hal_i2c.o
 .text.I2C_TransferConfig
                0x080034b0       0x64 ./Drivers/STM32H7xx_HAL_Driver/Src/stm32h7xx_hal_i2c.o
 .text.HAL_I2CEx_ConfigAnalogFilter
                0x08003514       0x96 ./Drivers/STM32H7xx_HAL_Driver/Src/stm32h7xx_hal_i2c_ex.o
                0x08003514                HAL_I2CEx_ConfigAnalogFilter
 .text.HAL_I2CEx_ConfigDigitalFilter
                0x080035aa       0x98 ./Drivers/STM32H7xx_HAL_Driver/Src/stm32h7xx_hal_i2c_ex.o
                0x080035aa                HAL_I2CEx_ConfigDigitalFilter
 *fill*         0x08003642        0x2 
 .text.HAL_PWREx_ConfigSupply
                0x08003644       0x74 ./Drivers/STM32H7xx_HAL_Driver/Src/stm32h7xx_hal_pwr_ex.o
                0x08003644                HAL_PWREx_ConfigSupply
 .text.HAL_RCC_OscConfig
                0x080036b8      0x7b4 ./Drivers/STM32H7xx_HAL_Driver/Src/stm32h7xx_hal_rcc.o
                0x080036b8                HAL_RCC_OscConfig
 .text.HAL_RCC_ClockConfig
                0x08003e6c      0x36c ./Drivers/STM32H7xx_HAL_Driver/Src/stm32h7xx_hal_rcc.o
                0x08003e6c                HAL_RCC_ClockConfig
 .text.HAL_RCC_GetSysClockFreq
                0x080041d8      0x2f4 ./Drivers/STM32H7xx_HAL_Driver/Src/stm32h7xx_hal_rcc.o
                0x080041d8                HAL_RCC_GetSysClockFreq
 .text.HAL_RCC_GetHCLKFreq
                0x080044cc       0x60 ./Drivers/STM32H7xx_HAL_Driver/Src/stm32h7xx_hal_rcc.o
                0x080044cc                HAL_RCC_GetHCLKFreq
 .text.HAL_RCC_GetPCLK1Freq
                0x0800452c       0x2c ./Drivers/STM32H7xx_HAL_Driver/Src/stm32h7xx_hal_rcc.o
                0x0800452c                HAL_RCC_GetPCLK1Freq
 .text.HAL_RCC_GetPCLK2Freq
                0x08004558       0x2c ./Drivers/STM32H7xx_HAL_Driver/Src/stm32h7xx_hal_rcc.o
                0x08004558                HAL_RCC_GetPCLK2Freq
 .text.HAL_RCC_GetClockConfig
                0x08004584       0x84 ./Drivers/STM32H7xx_HAL_Driver/Src/stm32h7xx_hal_rcc.o
                0x08004584                HAL_RCC_GetClockConfig
 .text.HAL_RCCEx_PeriphCLKConfig
                0x08004608     0x1340 ./Drivers/STM32H7xx_HAL_Driver/Src/stm32h7xx_hal_rcc_ex.o
                0x08004608                HAL_RCCEx_PeriphCLKConfig
 .text.HAL_RCCEx_GetD3PCLK1Freq
                0x08005948       0x2c ./Drivers/STM32H7xx_HAL_Driver/Src/stm32h7xx_hal_rcc_ex.o
                0x08005948                HAL_RCCEx_GetD3PCLK1Freq
 .text.HAL_RCCEx_GetPLL2ClockFreq
                0x08005974      0x2a8 ./Drivers/STM32H7xx_HAL_Driver/Src/stm32h7xx_hal_rcc_ex.o
                0x08005974                HAL_RCCEx_GetPLL2ClockFreq
 .text.HAL_RCCEx_GetPLL3ClockFreq
                0x08005c1c      0x2a8 ./Drivers/STM32H7xx_HAL_Driver/Src/stm32h7xx_hal_rcc_ex.o
                0x08005c1c                HAL_RCCEx_GetPLL3ClockFreq
 .text.RCCEx_PLL2_Config
                0x08005ec4      0x164 ./Drivers/STM32H7xx_HAL_Driver/Src/stm32h7xx_hal_rcc_ex.o
 .text.RCCEx_PLL3_Config
                0x08006028      0x164 ./Drivers/STM32H7xx_HAL_Driver/Src/stm32h7xx_hal_rcc_ex.o
 .text.HAL_SPI_Init
                0x0800618c      0x248 ./Drivers/STM32H7xx_HAL_Driver/Src/stm32h7xx_hal_spi.o
                0x0800618c                HAL_SPI_Init
 .text.HAL_SPI_Transmit
                0x080063d4      0x3dc ./Drivers/STM32H7xx_HAL_Driver/Src/stm32h7xx_hal_spi.o
                0x080063d4                HAL_SPI_Transmit
 .text.HAL_SPI_Receive
                0x080067b0      0x4e4 ./Drivers/STM32H7xx_HAL_Driver/Src/stm32h7xx_hal_spi.o
                0x080067b0                HAL_SPI_Receive
 .text.SPI_CloseTransfer
                0x08006c94      0x140 ./Drivers/STM32H7xx_HAL_Driver/Src/stm32h7xx_hal_spi.o
 .text.SPI_WaitOnFlagUntilTimeout
                0x08006dd4       0x5c ./Drivers/STM32H7xx_HAL_Driver/Src/stm32h7xx_hal_spi.o
 .text.SPI_GetPacketSize
                0x08006e30       0x36 ./Drivers/STM32H7xx_HAL_Driver/Src/stm32h7xx_hal_spi.o
 .text.HAL_TIM_Base_Init
                0x08006e66       0xae ./Drivers/STM32H7xx_HAL_Driver/Src/stm32h7xx_hal_tim.o
                0x08006e66                HAL_TIM_Base_Init
 .text.HAL_TIM_Base_MspInit
                0x08006f14       0x14 ./Drivers/STM32H7xx_HAL_Driver/Src/stm32h7xx_hal_tim.o
                0x08006f14                HAL_TIM_Base_MspInit
 .text.HAL_TIM_Base_Start_IT
                0x08006f28      0x10c ./Drivers/STM32H7xx_HAL_Driver/Src/stm32h7xx_hal_tim.o
                0x08006f28                HAL_TIM_Base_Start_IT
 .text.HAL_TIM_IRQHandler
                0x08007034      0x20e ./Drivers/STM32H7xx_HAL_Driver/Src/stm32h7xx_hal_tim.o
                0x08007034                HAL_TIM_IRQHandler
 .text.HAL_TIM_OC_DelayElapsedCallback
                0x08007242       0x14 ./Drivers/STM32H7xx_HAL_Driver/Src/stm32h7xx_hal_tim.o
                0x08007242                HAL_TIM_OC_DelayElapsedCallback
 .text.HAL_TIM_IC_CaptureCallback
                0x08007256       0x14 ./Drivers/STM32H7xx_HAL_Driver/Src/stm32h7xx_hal_tim.o
                0x08007256                HAL_TIM_IC_CaptureCallback
 .text.HAL_TIM_PWM_PulseFinishedCallback
                0x0800726a       0x14 ./Drivers/STM32H7xx_HAL_Driver/Src/stm32h7xx_hal_tim.o
                0x0800726a                HAL_TIM_PWM_PulseFinishedCallback
 .text.HAL_TIM_TriggerCallback
                0x0800727e       0x14 ./Drivers/STM32H7xx_HAL_Driver/Src/stm32h7xx_hal_tim.o
                0x0800727e                HAL_TIM_TriggerCallback
 *fill*         0x08007292        0x2 
 .text.TIM_Base_SetConfig
                0x08007294      0x164 ./Drivers/STM32H7xx_HAL_Driver/Src/stm32h7xx_hal_tim.o
                0x08007294                TIM_Base_SetConfig
 .text.HAL_TIMEx_CommutCallback
                0x080073f8       0x14 ./Drivers/STM32H7xx_HAL_Driver/Src/stm32h7xx_hal_tim_ex.o
                0x080073f8                HAL_TIMEx_CommutCallback
 .text.HAL_TIMEx_BreakCallback
                0x0800740c       0x14 ./Drivers/STM32H7xx_HAL_Driver/Src/stm32h7xx_hal_tim_ex.o
                0x0800740c                HAL_TIMEx_BreakCallback
 .text.HAL_TIMEx_Break2Callback
                0x08007420       0x14 ./Drivers/STM32H7xx_HAL_Driver/Src/stm32h7xx_hal_tim_ex.o
                0x08007420                HAL_TIMEx_Break2Callback
 .text.HAL_UART_Init
                0x08007434       0xa0 ./Drivers/STM32H7xx_HAL_Driver/Src/stm32h7xx_hal_uart.o
                0x08007434                HAL_UART_Init
 .text.HAL_UART_Transmit
                0x080074d4      0x11c ./Drivers/STM32H7xx_HAL_Driver/Src/stm32h7xx_hal_uart.o
                0x080074d4                HAL_UART_Transmit
 .text.UART_SetConfig
                0x080075f0      0xcd8 ./Drivers/STM32H7xx_HAL_Driver/Src/stm32h7xx_hal_uart.o
                0x080075f0                UART_SetConfig
 .text.UART_AdvFeatureConfig
                0x080082c8      0x144 ./Drivers/STM32H7xx_HAL_Driver/Src/stm32h7xx_hal_uart.o
                0x080082c8                UART_AdvFeatureConfig
 .text.UART_CheckIdleState
                0x0800840c      0x154 ./Drivers/STM32H7xx_HAL_Driver/Src/stm32h7xx_hal_uart.o
                0x0800840c                UART_CheckIdleState
 .text.UART_WaitOnFlagUntilTimeout
                0x08008560       0xda ./Drivers/STM32H7xx_HAL_Driver/Src/stm32h7xx_hal_uart.o
                0x08008560                UART_WaitOnFlagUntilTimeout
 *fill*         0x0800863a        0x2 
 .text.UART_EndRxTransfer
                0x0800863c       0xcc ./Drivers/STM32H7xx_HAL_Driver/Src/stm32h7xx_hal_uart.o
 .text.HAL_UARTEx_DisableFifoMode
                0x08008708       0x72 ./Drivers/STM32H7xx_HAL_Driver/Src/stm32h7xx_hal_uart_ex.o
                0x08008708                HAL_UARTEx_DisableFifoMode
 .text.HAL_UARTEx_SetTxFifoThreshold
                0x0800877a       0x7c ./Drivers/STM32H7xx_HAL_Driver/Src/stm32h7xx_hal_uart_ex.o
                0x0800877a                HAL_UARTEx_SetTxFifoThreshold
 .text.HAL_UARTEx_SetRxFifoThreshold
                0x080087f6       0x7c ./Drivers/STM32H7xx_HAL_Driver/Src/stm32h7xx_hal_uart_ex.o
                0x080087f6                HAL_UARTEx_SetRxFifoThreshold
 *fill*         0x08008872        0x2 
 .text.UARTEx_SetNbDataToProcess
                0x08008874       0x9c ./Drivers/STM32H7xx_HAL_Driver/Src/stm32h7xx_hal_uart_ex.o
 .text.__NVIC_SetPriority
                0x08008910       0x54 ./Middlewares/Third_Party/FreeRTOS/Source/CMSIS_RTOS_V2/cmsis_os2.o
 .text.SysTick_Handler
                0x08008964       0x20 ./Middlewares/Third_Party/FreeRTOS/Source/CMSIS_RTOS_V2/cmsis_os2.o
                0x08008964                SysTick_Handler
 .text.SVC_Setup
                0x08008984       0x12 ./Middlewares/Third_Party/FreeRTOS/Source/CMSIS_RTOS_V2/cmsis_os2.o
 *fill*         0x08008996        0x2 
 .text.osKernelInitialize
                0x08008998       0x48 ./Middlewares/Third_Party/FreeRTOS/Source/CMSIS_RTOS_V2/cmsis_os2.o
                0x08008998                osKernelInitialize
 .text.osKernelStart
                0x080089e0       0x4c ./Middlewares/Third_Party/FreeRTOS/Source/CMSIS_RTOS_V2/cmsis_os2.o
                0x080089e0                osKernelStart
 .text.osThreadNew
                0x08008a2c      0x124 ./Middlewares/Third_Party/FreeRTOS/Source/CMSIS_RTOS_V2/cmsis_os2.o
                0x08008a2c                osThreadNew
 .text.vApplicationGetIdleTaskMemory
                0x08008b50       0x34 ./Middlewares/Third_Party/FreeRTOS/Source/CMSIS_RTOS_V2/cmsis_os2.o
                0x08008b50                vApplicationGetIdleTaskMemory
 .text.vApplicationGetTimerTaskMemory
                0x08008b84       0x34 ./Middlewares/Third_Party/FreeRTOS/Source/CMSIS_RTOS_V2/cmsis_os2.o
                0x08008b84                vApplicationGetTimerTaskMemory
 .text.vListInitialise
                0x08008bb8       0x40 ./Middlewares/Third_Party/FreeRTOS/Source/list.o
                0x08008bb8                vListInitialise
 .text.vListInitialiseItem
                0x08008bf8       0x1a ./Middlewares/Third_Party/FreeRTOS/Source/list.o
                0x08008bf8                vListInitialiseItem
 .text.vListInsertEnd
                0x08008c12       0x48 ./Middlewares/Third_Party/FreeRTOS/Source/list.o
                0x08008c12                vListInsertEnd
 .text.vListInsert
                0x08008c5a       0x72 ./Middlewares/Third_Party/FreeRTOS/Source/list.o
                0x08008c5a                vListInsert
 .text.uxListRemove
                0x08008ccc       0x54 ./Middlewares/Third_Party/FreeRTOS/Source/list.o
                0x08008ccc                uxListRemove
 .text.xQueueGenericReset
                0x08008d20       0xd4 ./Middlewares/Third_Party/FreeRTOS/Source/queue.o
                0x08008d20                xQueueGenericReset
 .text.xQueueGenericCreateStatic
                0x08008df4       0xfa ./Middlewares/Third_Party/FreeRTOS/Source/queue.o
                0x08008df4                xQueueGenericCreateStatic
 .text.prvInitialiseNewQueue
                0x08008eee       0x46 ./Middlewares/Third_Party/FreeRTOS/Source/queue.o
 .text.xQueueGenericSend
                0x08008f34      0x204 ./Middlewares/Third_Party/FreeRTOS/Source/queue.o
                0x08008f34                xQueueGenericSend
 .text.xQueueGenericSendFromISR
                0x08009138      0x13c ./Middlewares/Third_Party/FreeRTOS/Source/queue.o
                0x08009138                xQueueGenericSendFromISR
 .text.xQueueReceive
                0x08009274      0x1c4 ./Middlewares/Third_Party/FreeRTOS/Source/queue.o
                0x08009274                xQueueReceive
 .text.prvCopyDataToQueue
                0x08009438       0xd4 ./Middlewares/Third_Party/FreeRTOS/Source/queue.o
 .text.prvCopyDataFromQueue
                0x0800950c       0x4c ./Middlewares/Third_Party/FreeRTOS/Source/queue.o
 .text.prvUnlockQueue
                0x08009558       0xa4 ./Middlewares/Third_Party/FreeRTOS/Source/queue.o
 .text.prvIsQueueEmpty
                0x080095fc       0x2c ./Middlewares/Third_Party/FreeRTOS/Source/queue.o
 .text.prvIsQueueFull
                0x08009628       0x30 ./Middlewares/Third_Party/FreeRTOS/Source/queue.o
 .text.vQueueAddToRegistry
                0x08009658       0x54 ./Middlewares/Third_Party/FreeRTOS/Source/queue.o
                0x08009658                vQueueAddToRegistry
 .text.vQueueWaitForMessageRestricted
                0x080096ac       0x68 ./Middlewares/Third_Party/FreeRTOS/Source/queue.o
                0x080096ac                vQueueWaitForMessageRestricted
 .text.xTaskCreateStatic
                0x08009714       0xc0 ./Middlewares/Third_Party/FreeRTOS/Source/tasks.o
                0x08009714                xTaskCreateStatic
 .text.xTaskCreate
                0x080097d4       0x8a ./Middlewares/Third_Party/FreeRTOS/Source/tasks.o
                0x080097d4                xTaskCreate
 *fill*         0x0800985e        0x2 
 .text.prvInitialiseNewTask
                0x08009860      0x150 ./Middlewares/Third_Party/FreeRTOS/Source/tasks.o
 .text.prvAddNewTaskToReadyList
                0x080099b0       0xe0 ./Middlewares/Third_Party/FreeRTOS/Source/tasks.o
 .text.vTaskDelayUntil
                0x08009a90      0x100 ./Middlewares/Third_Party/FreeRTOS/Source/tasks.o
                0x08009a90                vTaskDelayUntil
 .text.vTaskStartScheduler
                0x08009b90       0xe0 ./Middlewares/Third_Party/FreeRTOS/Source/tasks.o
                0x08009b90                vTaskStartScheduler
 .text.vTaskSuspendAll
                0x08009c70       0x1c ./Middlewares/Third_Party/FreeRTOS/Source/tasks.o
                0x08009c70                vTaskSuspendAll
 .text.xTaskResumeAll
                0x08009c8c      0x13c ./Middlewares/Third_Party/FreeRTOS/Source/tasks.o
                0x08009c8c                xTaskResumeAll
 .text.xTaskGetTickCount
                0x08009dc8       0x20 ./Middlewares/Third_Party/FreeRTOS/Source/tasks.o
                0x08009dc8                xTaskGetTickCount
 .text.xTaskIncrementTick
                0x08009de8      0x174 ./Middlewares/Third_Party/FreeRTOS/Source/tasks.o
                0x08009de8                xTaskIncrementTick
 .text.vTaskSwitchContext
                0x08009f5c       0xcc ./Middlewares/Third_Party/FreeRTOS/Source/tasks.o
                0x08009f5c                vTaskSwitchContext
 .text.vTaskPlaceOnEventList
                0x0800a028       0x4c ./Middlewares/Third_Party/FreeRTOS/Source/tasks.o
                0x0800a028                vTaskPlaceOnEventList
 .text.vTaskPlaceOnEventListRestricted
                0x0800a074       0x58 ./Middlewares/Third_Party/FreeRTOS/Source/tasks.o
                0x0800a074                vTaskPlaceOnEventListRestricted
 .text.xTaskRemoveFromEventList
                0x0800a0cc       0xc8 ./Middlewares/Third_Party/FreeRTOS/Source/tasks.o
                0x0800a0cc                xTaskRemoveFromEventList
 .text.vTaskInternalSetTimeOutState
                0x0800a194       0x2c ./Middlewares/Third_Party/FreeRTOS/Source/tasks.o
                0x0800a194                vTaskInternalSetTimeOutState
 .text.xTaskCheckForTimeOut
                0x0800a1c0       0xc8 ./Middlewares/Third_Party/FreeRTOS/Source/tasks.o
                0x0800a1c0                xTaskCheckForTimeOut
 .text.vTaskMissedYield
                0x0800a288       0x18 ./Middlewares/Third_Party/FreeRTOS/Source/tasks.o
                0x0800a288                vTaskMissedYield
 .text.prvIdleTask
                0x0800a2a0       0x30 ./Middlewares/Third_Party/FreeRTOS/Source/tasks.o
 .text.prvInitialiseTaskLists
                0x0800a2d0       0x80 ./Middlewares/Third_Party/FreeRTOS/Source/tasks.o
 .text.prvCheckTasksWaitingTermination
                0x0800a350       0x5c ./Middlewares/Third_Party/FreeRTOS/Source/tasks.o
 .text.prvDeleteTCB
                0x0800a3ac       0x6a ./Middlewares/Third_Party/FreeRTOS/Source/tasks.o
 *fill*         0x0800a416        0x2 
 .text.prvResetNextTaskUnblockTime
                0x0800a418       0x40 ./Middlewares/Third_Party/FreeRTOS/Source/tasks.o
 .text.xTaskGetSchedulerState
                0x0800a458       0x3c ./Middlewares/Third_Party/FreeRTOS/Source/tasks.o
                0x0800a458                xTaskGetSchedulerState
 .text.xTaskPriorityDisinherit
                0x0800a494       0xe0 ./Middlewares/Third_Party/FreeRTOS/Source/tasks.o
                0x0800a494                xTaskPriorityDisinherit
 .text.prvAddCurrentTaskToDelayedList
                0x0800a574       0xa8 ./Middlewares/Third_Party/FreeRTOS/Source/tasks.o
 .text.xTimerCreateTimerTask
                0x0800a61c       0x94 ./Middlewares/Third_Party/FreeRTOS/Source/timers.o
                0x0800a61c                xTimerCreateTimerTask
 .text.xTimerGenericCommand
                0x0800a6b0       0x9c ./Middlewares/Third_Party/FreeRTOS/Source/timers.o
                0x0800a6b0                xTimerGenericCommand
 .text.prvProcessExpiredTimer
                0x0800a74c       0x9c ./Middlewares/Third_Party/FreeRTOS/Source/timers.o
 .text.prvTimerTask
                0x0800a7e8       0x26 ./Middlewares/Third_Party/FreeRTOS/Source/timers.o
 *fill*         0x0800a80e        0x2 
 .text.prvProcessTimerOrBlockTask
                0x0800a810       0x9c ./Middlewares/Third_Party/FreeRTOS/Source/timers.o
 .text.prvGetNextExpireTime
                0x0800a8ac       0x48 ./Middlewares/Third_Party/FreeRTOS/Source/timers.o
 .text.prvSampleTimeNow
                0x0800a8f4       0x40 ./Middlewares/Third_Party/FreeRTOS/Source/timers.o
 .text.prvInsertTimerInActiveList
                0x0800a934       0x84 ./Middlewares/Third_Party/FreeRTOS/Source/timers.o
 .text.prvProcessReceivedCommands
                0x0800a9b8      0x1cc ./Middlewares/Third_Party/FreeRTOS/Source/timers.o
 .text.prvSwitchTimerLists
                0x0800ab84       0xcc ./Middlewares/Third_Party/FreeRTOS/Source/timers.o
 .text.prvCheckForValidListAndQueue
                0x0800ac50       0x80 ./Middlewares/Third_Party/FreeRTOS/Source/timers.o
 .text.pxPortInitialiseStack
                0x0800acd0       0x68 ./Middlewares/Third_Party/FreeRTOS/Source/portable/GCC/ARM_CM4F/port.o
                0x0800acd0                pxPortInitialiseStack
 .text.prvTaskExitError
                0x0800ad38       0x5c ./Middlewares/Third_Party/FreeRTOS/Source/portable/GCC/ARM_CM4F/port.o
 *fill*         0x0800ad94        0xc 
 .text.SVC_Handler
                0x0800ada0       0x28 ./Middlewares/Third_Party/FreeRTOS/Source/portable/GCC/ARM_CM4F/port.o
                0x0800ada0                SVC_Handler
 .text.prvPortStartFirstTask
                0x0800adc8       0x28 ./Middlewares/Third_Party/FreeRTOS/Source/portable/GCC/ARM_CM4F/port.o
 .text.xPortStartScheduler
                0x0800adf0      0x148 ./Middlewares/Third_Party/FreeRTOS/Source/portable/GCC/ARM_CM4F/port.o
                0x0800adf0                xPortStartScheduler
 .text.vPortEnterCritical
                0x0800af38       0x64 ./Middlewares/Third_Party/FreeRTOS/Source/portable/GCC/ARM_CM4F/port.o
                0x0800af38                vPortEnterCritical
 .text.vPortExitCritical
                0x0800af9c       0x54 ./Middlewares/Third_Party/FreeRTOS/Source/portable/GCC/ARM_CM4F/port.o
                0x0800af9c                vPortExitCritical
 .text.PendSV_Handler
                0x0800aff0       0x68 ./Middlewares/Third_Party/FreeRTOS/Source/portable/GCC/ARM_CM4F/port.o
                0x0800aff0                PendSV_Handler
 .text.xPortSysTickHandler
                0x0800b058       0x44 ./Middlewares/Third_Party/FreeRTOS/Source/portable/GCC/ARM_CM4F/port.o
                0x0800b058                xPortSysTickHandler
 .text.vPortSetupTimerInterrupt
                0x0800b09c       0x48 ./Middlewares/Third_Party/FreeRTOS/Source/portable/GCC/ARM_CM4F/port.o
                0x0800b09c                vPortSetupTimerInterrupt
 .text.vPortEnableVFP
                0x0800b0e4       0x14 ./Middlewares/Third_Party/FreeRTOS/Source/portable/GCC/ARM_CM4F/port.o
 .text.vPortValidateInterruptPriority
                0x0800b0f8       0x84 ./Middlewares/Third_Party/FreeRTOS/Source/portable/GCC/ARM_CM4F/port.o
                0x0800b0f8                vPortValidateInterruptPriority
 .text.pvPortMalloc
                0x0800b17c      0x19c ./Middlewares/Third_Party/FreeRTOS/Source/portable/MemMang/heap_4.o
                0x0800b17c                pvPortMalloc
 .text.vPortFree
                0x0800b318       0xc8 ./Middlewares/Third_Party/FreeRTOS/Source/portable/MemMang/heap_4.o
                0x0800b318                vPortFree
 .text.prvHeapInit
                0x0800b3e0       0xc4 ./Middlewares/Third_Party/FreeRTOS/Source/portable/MemMang/heap_4.o
 .text.prvInsertBlockIntoFreeList
                0x0800b4a4       0xb4 ./Middlewares/Third_Party/FreeRTOS/Source/portable/MemMang/heap_4.o
 .text.memset   0x0800b558       0x10 C:/ST/STM32CubeIDE_1.13.1/STM32CubeIDE/plugins/com.st.stm32cube.ide.mcu.externaltools.gnu-tools-for-stm32.12.3.rel1.win32_1.0.200.202406191623/tools/bin/../lib/gcc/arm-none-eabi/12.3.1/../../../../arm-none-eabi/lib/thumb/v7e-m+dp/hard\libc_nano.a(libc_a-memset.o)
                0x0800b558                memset
 .text._reclaim_reent
                0x0800b568       0xac C:/ST/STM32CubeIDE_1.13.1/STM32CubeIDE/plugins/com.st.stm32cube.ide.mcu.externaltools.gnu-tools-for-stm32.12.3.rel1.win32_1.0.200.202406191623/tools/bin/../lib/gcc/arm-none-eabi/12.3.1/../../../../arm-none-eabi/lib/thumb/v7e-m+dp/hard\libc_nano.a(libc_a-reent.o)
                0x0800b568                _reclaim_reent
 .text.__libc_init_array
                0x0800b614       0x48 C:/ST/STM32CubeIDE_1.13.1/STM32CubeIDE/plugins/com.st.stm32cube.ide.mcu.externaltools.gnu-tools-for-stm32.12.3.rel1.win32_1.0.200.202406191623/tools/bin/../lib/gcc/arm-none-eabi/12.3.1/../../../../arm-none-eabi/lib/thumb/v7e-m+dp/hard\libc_nano.a(libc_a-init.o)
                0x0800b614                __libc_init_array
 .text.__retarget_lock_acquire_recursive
                0x0800b65c        0x2 C:/ST/STM32CubeIDE_1.13.1/STM32CubeIDE/plugins/com.st.stm32cube.ide.mcu.externaltools.gnu-tools-for-stm32.12.3.rel1.win32_1.0.200.202406191623/tools/bin/../lib/gcc/arm-none-eabi/12.3.1/../../../../arm-none-eabi/lib/thumb/v7e-m+dp/hard\libc_nano.a(libc_a-lock.o)
                0x0800b65c                __retarget_lock_acquire_recursive
 .text.__retarget_lock_release_recursive
                0x0800b65e        0x2 C:/ST/STM32CubeIDE_1.13.1/STM32CubeIDE/plugins/com.st.stm32cube.ide.mcu.externaltools.gnu-tools-for-stm32.12.3.rel1.win32_1.0.200.202406191623/tools/bin/../lib/gcc/arm-none-eabi/12.3.1/../../../../arm-none-eabi/lib/thumb/v7e-m+dp/hard\libc_nano.a(libc_a-lock.o)
                0x0800b65e                __retarget_lock_release_recursive
 .text.memcpy   0x0800b660       0x1c C:/ST/STM32CubeIDE_1.13.1/STM32CubeIDE/plugins/com.st.stm32cube.ide.mcu.externaltools.gnu-tools-for-stm32.12.3.rel1.win32_1.0.200.202406191623/tools/bin/../lib/gcc/arm-none-eabi/12.3.1/../../../../arm-none-eabi/lib/thumb/v7e-m+dp/hard\libc_nano.a(libc_a-memcpy-stub.o)
                0x0800b660                memcpy
 .text._free_r  0x0800b67c       0x94 C:/ST/STM32CubeIDE_1.13.1/STM32CubeIDE/plugins/com.st.stm32cube.ide.mcu.externaltools.gnu-tools-for-stm32.12.3.rel1.win32_1.0.200.202406191623/tools/bin/../lib/gcc/arm-none-eabi/12.3.1/../../../../arm-none-eabi/lib/thumb/v7e-m+dp/hard\libc_nano.a(libc_a-freer.o)
                0x0800b67c                _free_r
 .text.__malloc_lock
                0x0800b710        0xc C:/ST/STM32CubeIDE_1.13.1/STM32CubeIDE/plugins/com.st.stm32cube.ide.mcu.externaltools.gnu-tools-for-stm32.12.3.rel1.win32_1.0.200.202406191623/tools/bin/../lib/gcc/arm-none-eabi/12.3.1/../../../../arm-none-eabi/lib/thumb/v7e-m+dp/hard\libc_nano.a(libc_a-mlock.o)
                0x0800b710                __malloc_lock
 .text.__malloc_unlock
                0x0800b71c        0xc C:/ST/STM32CubeIDE_1.13.1/STM32CubeIDE/plugins/com.st.stm32cube.ide.mcu.externaltools.gnu-tools-for-stm32.12.3.rel1.win32_1.0.200.202406191623/tools/bin/../lib/gcc/arm-none-eabi/12.3.1/../../../../arm-none-eabi/lib/thumb/v7e-m+dp/hard\libc_nano.a(libc_a-mlock.o)
                0x0800b71c                __malloc_unlock
 *(.glue_7)
 .glue_7        0x0800b728        0x0 linker stubs
 *(.glue_7t)
 .glue_7t       0x0800b728        0x0 linker stubs
 *(.eh_frame)
 .eh_frame      0x0800b728        0x0 C:/ST/STM32CubeIDE_1.13.1/STM32CubeIDE/plugins/com.st.stm32cube.ide.mcu.externaltools.gnu-tools-for-stm32.12.3.rel1.win32_1.0.200.202406191623/tools/bin/../lib/gcc/arm-none-eabi/12.3.1/thumb/v7e-m+dp/hard/crtbegin.o
 *(.init)
 .init          0x0800b728        0x4 C:/ST/STM32CubeIDE_1.13.1/STM32CubeIDE/plugins/com.st.stm32cube.ide.mcu.externaltools.gnu-tools-for-stm32.12.3.rel1.win32_1.0.200.202406191623/tools/bin/../lib/gcc/arm-none-eabi/12.3.1/thumb/v7e-m+dp/hard/crti.o
                0x0800b728                _init
 .init          0x0800b72c        0x8 C:/ST/STM32CubeIDE_1.13.1/STM32CubeIDE/plugins/com.st.stm32cube.ide.mcu.externaltools.gnu-tools-for-stm32.12.3.rel1.win32_1.0.200.202406191623/tools/bin/../lib/gcc/arm-none-eabi/12.3.1/thumb/v7e-m+dp/hard/crtn.o
 *(.fini)
 .fini          0x0800b734        0x4 C:/ST/STM32CubeIDE_1.13.1/STM32CubeIDE/plugins/com.st.stm32cube.ide.mcu.externaltools.gnu-tools-for-stm32.12.3.rel1.win32_1.0.200.202406191623/tools/bin/../lib/gcc/arm-none-eabi/12.3.1/thumb/v7e-m+dp/hard/crti.o
                0x0800b734                _fini
 .fini          0x0800b738        0x8 C:/ST/STM32CubeIDE_1.13.1/STM32CubeIDE/plugins/com.st.stm32cube.ide.mcu.externaltools.gnu-tools-for-stm32.12.3.rel1.win32_1.0.200.202406191623/tools/bin/../lib/gcc/arm-none-eabi/12.3.1/thumb/v7e-m+dp/hard/crtn.o
                0x0800b740                        . = ALIGN (0x4)
                0x0800b740                        _etext = .

.vfp11_veneer   0x0800b740        0x0
 .vfp11_veneer  0x0800b740        0x0 linker stubs

.v4_bx          0x0800b740        0x0
 .v4_bx         0x0800b740        0x0 linker stubs

.iplt           0x0800b740        0x0
 .iplt          0x0800b740        0x0 C:/ST/STM32CubeIDE_1.13.1/STM32CubeIDE/plugins/com.st.stm32cube.ide.mcu.externaltools.gnu-tools-for-stm32.12.3.rel1.win32_1.0.200.202406191623/tools/bin/../lib/gcc/arm-none-eabi/12.3.1/thumb/v7e-m+dp/hard/crtbegin.o

.rodata         0x0800b740       0x8c
                0x0800b740                        . = ALIGN (0x4)
 *(.rodata)
 .rodata        0x0800b740       0x16 ./Core/Src/main.o
 *fill*         0x0800b756        0x2 
 .rodata        0x0800b758        0x5 ./Middlewares/Third_Party/FreeRTOS/Source/tasks.o
 *fill*         0x0800b75d        0x3 
 .rodata        0x0800b760        0xd ./Middlewares/Third_Party/FreeRTOS/Source/timers.o
 *(.rodata*)
 *fill*         0x0800b76d        0x3 
 .rodata.defaultTask_attributes
                0x0800b770       0x24 ./Core/Src/main.o
                0x0800b770                defaultTask_attributes
 .rodata.D1CorePrescTable
                0x0800b794       0x10 ./Core/Src/system_stm32h7xx.o
                0x0800b794                D1CorePrescTable
 .rodata.UARTPrescTable
                0x0800b7a4       0x18 ./Drivers/STM32H7xx_HAL_Driver/Src/stm32h7xx_hal_uart.o
                0x0800b7a4                UARTPrescTable
 .rodata.numerator.1
                0x0800b7bc        0x8 ./Drivers/STM32H7xx_HAL_Driver/Src/stm32h7xx_hal_uart_ex.o
 .rodata.denominator.0
                0x0800b7c4        0x8 ./Drivers/STM32H7xx_HAL_Driver/Src/stm32h7xx_hal_uart_ex.o
                0x0800b7cc                        . = ALIGN (0x4)

.ARM.extab
 *(.ARM.extab* .gnu.linkonce.armextab.*)

.ARM            0x0800b7cc        0x8
                0x0800b7cc                        __exidx_start = .
 *(.ARM.exidx*)
 .ARM.exidx     0x0800b7cc        0x8 C:/ST/STM32CubeIDE_1.13.1/STM32CubeIDE/plugins/com.st.stm32cube.ide.mcu.externaltools.gnu-tools-for-stm32.12.3.rel1.win32_1.0.200.202406191623/tools/bin/../lib/gcc/arm-none-eabi/12.3.1/thumb/v7e-m+dp/hard\libgcc.a(_udivmoddi4.o)
                0x0800b7d4                        __exidx_end = .

.preinit_array  0x0800b7d4        0x0
                0x0800b7d4                        PROVIDE (__preinit_array_start = .)
 *(.preinit_array*)
                0x0800b7d4                        PROVIDE (__preinit_array_end = .)

.init_array     0x0800b7d4        0x4
                0x0800b7d4                        PROVIDE (__init_array_start = .)
 *(SORT_BY_NAME(.init_array.*))
 *(.init_array*)
 .init_array    0x0800b7d4        0x4 C:/ST/STM32CubeIDE_1.13.1/STM32CubeIDE/plugins/com.st.stm32cube.ide.mcu.externaltools.gnu-tools-for-stm32.12.3.rel1.win32_1.0.200.202406191623/tools/bin/../lib/gcc/arm-none-eabi/12.3.1/thumb/v7e-m+dp/hard/crtbegin.o
                0x0800b7d8                        PROVIDE (__init_array_end = .)

.fini_array     0x0800b7d8        0x4
                [!provide]                        PROVIDE (__fini_array_start = .)
 *(SORT_BY_NAME(.fini_array.*))
 *(.fini_array*)
 .fini_array    0x0800b7d8        0x4 C:/ST/STM32CubeIDE_1.13.1/STM32CubeIDE/plugins/com.st.stm32cube.ide.mcu.externaltools.gnu-tools-for-stm32.12.3.rel1.win32_1.0.200.202406191623/tools/bin/../lib/gcc/arm-none-eabi/12.3.1/thumb/v7e-m+dp/hard/crtbegin.o
                [!provide]                        PROVIDE (__fini_array_end = .)
                0x0800b7dc                        _sidata = LOADADDR (.data)

.rel.dyn        0x0800b7dc        0x0
 .rel.iplt      0x0800b7dc        0x0 C:/ST/STM32CubeIDE_1.13.1/STM32CubeIDE/plugins/com.st.stm32cube.ide.mcu.externaltools.gnu-tools-for-stm32.12.3.rel1.win32_1.0.200.202406191623/tools/bin/../lib/gcc/arm-none-eabi/12.3.1/thumb/v7e-m+dp/hard/crtbegin.o

.data           0x24000000       0x64 load address 0x0800b7dc
                0x24000000                        . = ALIGN (0x4)
                0x24000000                        _sdata = .
 *(.data)
 *(.data*)
 .data.SystemCoreClock
                0x24000000        0x4 ./Core/Src/system_stm32h7xx.o
                0x24000000                SystemCoreClock
 .data.SystemD2Clock
                0x24000004        0x4 ./Core/Src/system_stm32h7xx.o
                0x24000004                SystemD2Clock
 .data.uwTickPrio
                0x24000008        0x4 ./Drivers/STM32H7xx_HAL_Driver/Src/stm32h7xx_hal.o
                0x24000008                uwTickPrio
 .data.uwTickFreq
                0x2400000c        0x1 ./Drivers/STM32H7xx_HAL_Driver/Src/stm32h7xx_hal.o
                0x2400000c                uwTickFreq
 *fill*         0x2400000d        0x3 
 .data.uxCriticalNesting
                0x24000010        0x4 ./Middlewares/Third_Party/FreeRTOS/Source/portable/GCC/ARM_CM4F/port.o
 .data._impure_ptr
                0x24000014        0x4 C:/ST/STM32CubeIDE_1.13.1/STM32CubeIDE/plugins/com.st.stm32cube.ide.mcu.externaltools.gnu-tools-for-stm32.12.3.rel1.win32_1.0.200.202406191623/tools/bin/../lib/gcc/arm-none-eabi/12.3.1/../../../../arm-none-eabi/lib/thumb/v7e-m+dp/hard\libc_nano.a(libc_a-impure.o)
                0x24000014                _impure_ptr
 .data._impure_data
                0x24000018       0x4c C:/ST/STM32CubeIDE_1.13.1/STM32CubeIDE/plugins/com.st.stm32cube.ide.mcu.externaltools.gnu-tools-for-stm32.12.3.rel1.win32_1.0.200.202406191623/tools/bin/../lib/gcc/arm-none-eabi/12.3.1/../../../../arm-none-eabi/lib/thumb/v7e-m+dp/hard\libc_nano.a(libc_a-impure.o)
                0x24000018                _impure_data
 *(.RamFunc)
 *(.RamFunc*)
                0x24000064                        . = ALIGN (0x4)
                0x24000064                        _edata = .

.igot.plt       0x24000064        0x0 load address 0x0800b840
 .igot.plt      0x24000064        0x0 C:/ST/STM32CubeIDE_1.13.1/STM32CubeIDE/plugins/com.st.stm32cube.ide.mcu.externaltools.gnu-tools-for-stm32.12.3.rel1.win32_1.0.200.202406191623/tools/bin/../lib/gcc/arm-none-eabi/12.3.1/thumb/v7e-m+dp/hard/crtbegin.o
                0x24000064                        . = ALIGN (0x4)

.bss            0x24000064     0x4d08 load address 0x0800b840
                0x24000064                        _sbss = .
                0x24000064                        __bss_start__ = _sbss
 *(.bss)
 .bss           0x24000064       0x1c C:/ST/STM32CubeIDE_1.13.1/STM32CubeIDE/plugins/com.st.stm32cube.ide.mcu.externaltools.gnu-tools-for-stm32.12.3.rel1.win32_1.0.200.202406191623/tools/bin/../lib/gcc/arm-none-eabi/12.3.1/thumb/v7e-m+dp/hard/crtbegin.o
 *(.bss*)
 .bss.hi2c2     0x24000080       0x54 ./Core/Src/main.o
                0x24000080                hi2c2
 .bss.hspi3     0x240000d4       0x88 ./Core/Src/main.o
                0x240000d4                hspi3
 .bss.huart3    0x2400015c       0x94 ./Core/Src/main.o
                0x2400015c                huart3
 .bss.defaultTaskHandle
                0x240001f0        0x4 ./Core/Src/main.o
                0x240001f0                defaultTaskHandle
 .bss.htim6     0x240001f4       0x4c ./Core/Src/stm32h7xx_hal_timebase_tim.o
                0x240001f4                htim6
 .bss.uwTick    0x24000240        0x4 ./Drivers/STM32H7xx_HAL_Driver/Src/stm32h7xx_hal.o
                0x24000240                uwTick
 .bss.KernelState
                0x24000244        0x4 ./Middlewares/Third_Party/FreeRTOS/Source/CMSIS_RTOS_V2/cmsis_os2.o
 .bss.Idle_TCB.3
                0x24000248       0xa8 ./Middlewares/Third_Party/FreeRTOS/Source/CMSIS_RTOS_V2/cmsis_os2.o
 .bss.Idle_Stack.2
                0x240002f0      0x200 ./Middlewares/Third_Party/FreeRTOS/Source/CMSIS_RTOS_V2/cmsis_os2.o
 .bss.Timer_TCB.1
                0x240004f0       0xa8 ./Middlewares/Third_Party/FreeRTOS/Source/CMSIS_RTOS_V2/cmsis_os2.o
 .bss.Timer_Stack.0
                0x24000598      0x400 ./Middlewares/Third_Party/FreeRTOS/Source/CMSIS_RTOS_V2/cmsis_os2.o
 .bss.xQueueRegistry
                0x24000998       0x40 ./Middlewares/Third_Party/FreeRTOS/Source/queue.o
                0x24000998                xQueueRegistry
 .bss.pxCurrentTCB
                0x240009d8        0x4 ./Middlewares/Third_Party/FreeRTOS/Source/tasks.o
                0x240009d8                pxCurrentTCB
 .bss.pxReadyTasksLists
                0x240009dc      0x460 ./Middlewares/Third_Party/FreeRTOS/Source/tasks.o
 .bss.xDelayedTaskList1
                0x24000e3c       0x14 ./Middlewares/Third_Party/FreeRTOS/Source/tasks.o
 .bss.xDelayedTaskList2
                0x24000e50       0x14 ./Middlewares/Third_Party/FreeRTOS/Source/tasks.o
 .bss.pxDelayedTaskList
                0x24000e64        0x4 ./Middlewares/Third_Party/FreeRTOS/Source/tasks.o
 .bss.pxOverflowDelayedTaskList
                0x24000e68        0x4 ./Middlewares/Third_Party/FreeRTOS/Source/tasks.o
 .bss.xPendingReadyList
                0x24000e6c       0x14 ./Middlewares/Third_Party/FreeRTOS/Source/tasks.o
 .bss.xTasksWaitingTermination
                0x24000e80       0x14 ./Middlewares/Third_Party/FreeRTOS/Source/tasks.o
 .bss.uxDeletedTasksWaitingCleanUp
                0x24000e94        0x4 ./Middlewares/Third_Party/FreeRTOS/Source/tasks.o
 .bss.xSuspendedTaskList
                0x24000e98       0x14 ./Middlewares/Third_Party/FreeRTOS/Source/tasks.o
 .bss.uxCurrentNumberOfTasks
                0x24000eac        0x4 ./Middlewares/Third_Party/FreeRTOS/Source/tasks.o
 .bss.xTickCount
                0x24000eb0        0x4 ./Middlewares/Third_Party/FreeRTOS/Source/tasks.o
 .bss.uxTopReadyPriority
                0x24000eb4        0x4 ./Middlewares/Third_Party/FreeRTOS/Source/tasks.o
 .bss.xSchedulerRunning
                0x24000eb8        0x4 ./Middlewares/Third_Party/FreeRTOS/Source/tasks.o
 .bss.xPendedTicks
                0x24000ebc        0x4 ./Middlewares/Third_Party/FreeRTOS/Source/tasks.o
 .bss.xYieldPending
                0x24000ec0        0x4 ./Middlewares/Third_Party/FreeRTOS/Source/tasks.o
 .bss.xNumOfOverflows
                0x24000ec4        0x4 ./Middlewares/Third_Party/FreeRTOS/Source/tasks.o
 .bss.uxTaskNumber
                0x24000ec8        0x4 ./Middlewares/Third_Party/FreeRTOS/Source/tasks.o
 .bss.xNextTaskUnblockTime
                0x24000ecc        0x4 ./Middlewares/Third_Party/FreeRTOS/Source/tasks.o
 .bss.xIdleTaskHandle
                0x24000ed0        0x4 ./Middlewares/Third_Party/FreeRTOS/Source/tasks.o
 .bss.uxSchedulerSuspended
                0x24000ed4        0x4 ./Middlewares/Third_Party/FreeRTOS/Source/tasks.o
 .bss.xActiveTimerList1
                0x24000ed8       0x14 ./Middlewares/Third_Party/FreeRTOS/Source/timers.o
 .bss.xActiveTimerList2
                0x24000eec       0x14 ./Middlewares/Third_Party/FreeRTOS/Source/timers.o
 .bss.pxCurrentTimerList
                0x24000f00        0x4 ./Middlewares/Third_Party/FreeRTOS/Source/timers.o
 .bss.pxOverflowTimerList
                0x24000f04        0x4 ./Middlewares/Third_Party/FreeRTOS/Source/timers.o
 .bss.xTimerQueue
                0x24000f08        0x4 ./Middlewares/Third_Party/FreeRTOS/Source/timers.o
 .bss.xTimerTaskHandle
                0x24000f0c        0x4 ./Middlewares/Third_Party/FreeRTOS/Source/timers.o
 .bss.xLastTime.2
                0x24000f10        0x4 ./Middlewares/Third_Party/FreeRTOS/Source/timers.o
 .bss.ucStaticTimerQueueStorage.1
                0x24000f14       0xa0 ./Middlewares/Third_Party/FreeRTOS/Source/timers.o
 .bss.xStaticTimerQueue.0
                0x24000fb4       0x50 ./Middlewares/Third_Party/FreeRTOS/Source/timers.o
 .bss.ucMaxSysCallPriority
                0x24001004        0x1 ./Middlewares/Third_Party/FreeRTOS/Source/portable/GCC/ARM_CM4F/port.o
 *fill*         0x24001005        0x3 
 .bss.ulMaxPRIGROUPValue
                0x24001008        0x4 ./Middlewares/Third_Party/FreeRTOS/Source/portable/GCC/ARM_CM4F/port.o
 .bss.ucHeap    0x2400100c     0x3c00 ./Middlewares/Third_Party/FreeRTOS/Source/portable/MemMang/heap_4.o
 .bss.xStart    0x24004c0c        0x8 ./Middlewares/Third_Party/FreeRTOS/Source/portable/MemMang/heap_4.o
 .bss.pxEnd     0x24004c14        0x4 ./Middlewares/Third_Party/FreeRTOS/Source/portable/MemMang/heap_4.o
 .bss.xFreeBytesRemaining
                0x24004c18        0x4 ./Middlewares/Third_Party/FreeRTOS/Source/portable/MemMang/heap_4.o
 .bss.xMinimumEverFreeBytesRemaining
                0x24004c1c        0x4 ./Middlewares/Third_Party/FreeRTOS/Source/portable/MemMang/heap_4.o
 .bss.xNumberOfSuccessfulAllocations
                0x24004c20        0x4 ./Middlewares/Third_Party/FreeRTOS/Source/portable/MemMang/heap_4.o
 .bss.xNumberOfSuccessfulFrees
                0x24004c24        0x4 ./Middlewares/Third_Party/FreeRTOS/Source/portable/MemMang/heap_4.o
 .bss.xBlockAllocatedBit
                0x24004c28        0x4 ./Middlewares/Third_Party/FreeRTOS/Source/portable/MemMang/heap_4.o
 .bss.__sf      0x24004c2c      0x138 C:/ST/STM32CubeIDE_1.13.1/STM32CubeIDE/plugins/com.st.stm32cube.ide.mcu.externaltools.gnu-tools-for-stm32.12.3.rel1.win32_1.0.200.202406191623/tools/bin/../lib/gcc/arm-none-eabi/12.3.1/../../../../arm-none-eabi/lib/thumb/v7e-m+dp/hard\libc_nano.a(libc_a-findfp.o)
                0x24004c2c                __sf
 .bss.__lock___malloc_recursive_mutex
                0x24004d64        0x1 C:/ST/STM32CubeIDE_1.13.1/STM32CubeIDE/plugins/com.st.stm32cube.ide.mcu.externaltools.gnu-tools-for-stm32.12.3.rel1.win32_1.0.200.202406191623/tools/bin/../lib/gcc/arm-none-eabi/12.3.1/../../../../arm-none-eabi/lib/thumb/v7e-m+dp/hard\libc_nano.a(libc_a-lock.o)
                0x24004d64                __lock___malloc_recursive_mutex
 *fill*         0x24004d65        0x3 
 .bss.__malloc_free_list
                0x24004d68        0x4 C:/ST/STM32CubeIDE_1.13.1/STM32CubeIDE/plugins/com.st.stm32cube.ide.mcu.externaltools.gnu-tools-for-stm32.12.3.rel1.win32_1.0.200.202406191623/tools/bin/../lib/gcc/arm-none-eabi/12.3.1/../../../../arm-none-eabi/lib/thumb/v7e-m+dp/hard\libc_nano.a(libc_a-mallocr.o)
                0x24004d68                __malloc_free_list
 *(COMMON)
                0x24004d6c                        . = ALIGN (0x4)
                0x24004d6c                        _ebss = .
                0x24004d6c                        __bss_end__ = _ebss

._user_heap_stack
                0x24004d6c      0x604 load address 0x0800b840
                0x24004d70                        . = ALIGN (0x8)
 *fill*         0x24004d6c        0x4 
                [!provide]                        PROVIDE (end = .)
                0x24004d70                        PROVIDE (_end = .)
                0x24004f70                        . = (. + _Min_Heap_Size)
 *fill*         0x24004d70      0x200 
                0x24005370                        . = (. + _Min_Stack_Size)
 *fill*         0x24004f70      0x400 
                0x24005370                        . = ALIGN (0x8)

/DISCARD/
 libc.a(*)
 libm.a(*)
 libgcc.a(*)

.ARM.attributes
                0x00000000       0x2e
 *(.ARM.attributes)
 .ARM.attributes
                0x00000000       0x20 C:/ST/STM32CubeIDE_1.13.1/STM32CubeIDE/plugins/com.st.stm32cube.ide.mcu.externaltools.gnu-tools-for-stm32.12.3.rel1.win32_1.0.200.202406191623/tools/bin/../lib/gcc/arm-none-eabi/12.3.1/thumb/v7e-m+dp/hard/crti.o
 .ARM.attributes
                0x00000020       0x32 C:/ST/STM32CubeIDE_1.13.1/STM32CubeIDE/plugins/com.st.stm32cube.ide.mcu.externaltools.gnu-tools-for-stm32.12.3.rel1.win32_1.0.200.202406191623/tools/bin/../lib/gcc/arm-none-eabi/12.3.1/thumb/v7e-m+dp/hard/crtbegin.o
 .ARM.attributes
                0x00000052       0x32 ./Core/Src/LSM6DSO32XTR.o
 .ARM.attributes
                0x00000084       0x32 ./Core/Src/W25N01GV.o
 .ARM.attributes
                0x000000b6       0x32 ./Core/Src/main.o
 .ARM.attributes
                0x000000e8       0x32 ./Core/Src/stm32h7xx_hal_msp.o
 .ARM.attributes
                0x0000011a       0x32 ./Core/Src/stm32h7xx_hal_timebase_tim.o
 .ARM.attributes
                0x0000014c       0x32 ./Core/Src/stm32h7xx_it.o
 .ARM.attributes
                0x0000017e       0x32 ./Core/Src/system_stm32h7xx.o
 .ARM.attributes
                0x000001b0       0x21 ./Core/Startup/startup_stm32h723zgtx.o
 .ARM.attributes
                0x000001d1       0x32 ./Drivers/STM32H7xx_HAL_Driver/Src/stm32h7xx_hal.o
 .ARM.attributes
                0x00000203       0x32 ./Drivers/STM32H7xx_HAL_Driver/Src/stm32h7xx_hal_cortex.o
 .ARM.attributes
                0x00000235       0x32 ./Drivers/STM32H7xx_HAL_Driver/Src/stm32h7xx_hal_gpio.o
 .ARM.attributes
                0x00000267       0x32 ./Drivers/STM32H7xx_HAL_Driver/Src/stm32h7xx_hal_i2c.o
 .ARM.attributes
                0x00000299       0x32 ./Drivers/STM32H7xx_HAL_Driver/Src/stm32h7xx_hal_i2c_ex.o
 .ARM.attributes
                0x000002cb       0x32 ./Drivers/STM32H7xx_HAL_Driver/Src/stm32h7xx_hal_pwr_ex.o
 .ARM.attributes
                0x000002fd       0x32 ./Drivers/STM32H7xx_HAL_Driver/Src/stm32h7xx_hal_rcc.o
 .ARM.attributes
                0x0000032f       0x32 ./Drivers/STM32H7xx_HAL_Driver/Src/stm32h7xx_hal_rcc_ex.o
 .ARM.attributes
                0x00000361       0x32 ./Drivers/STM32H7xx_HAL_Driver/Src/stm32h7xx_hal_spi.o
 .ARM.attributes
                0x00000393       0x32 ./Drivers/STM32H7xx_HAL_Driver/Src/stm32h7xx_hal_tim.o
 .ARM.attributes
                0x000003c5       0x32 ./Drivers/STM32H7xx_HAL_Driver/Src/stm32h7xx_hal_tim_ex.o
 .ARM.attributes
                0x000003f7       0x32 ./Drivers/STM32H7xx_HAL_Driver/Src/stm32h7xx_hal_uart.o
 .ARM.attributes
                0x00000429       0x32 ./Drivers/STM32H7xx_HAL_Driver/Src/stm32h7xx_hal_uart_ex.o
 .ARM.attributes
                0x0000045b       0x32 ./Middlewares/Third_Party/FreeRTOS/Source/CMSIS_RTOS_V2/cmsis_os2.o
 .ARM.attributes
                0x0000048d       0x32 ./Middlewares/Third_Party/FreeRTOS/Source/list.o
 .ARM.attributes
                0x000004bf       0x32 ./Middlewares/Third_Party/FreeRTOS/Source/queue.o
 .ARM.attributes
                0x000004f1       0x32 ./Middlewares/Third_Party/FreeRTOS/Source/tasks.o
 .ARM.attributes
                0x00000523       0x32 ./Middlewares/Third_Party/FreeRTOS/Source/timers.o
 .ARM.attributes
                0x00000555       0x32 ./Middlewares/Third_Party/FreeRTOS/Source/portable/GCC/ARM_CM4F/port.o
 .ARM.attributes
                0x00000587       0x32 ./Middlewares/Third_Party/FreeRTOS/Source/portable/MemMang/heap_4.o
 .ARM.attributes
                0x000005b9       0x32 C:/ST/STM32CubeIDE_1.13.1/STM32CubeIDE/plugins/com.st.stm32cube.ide.mcu.externaltools.gnu-tools-for-stm32.12.3.rel1.win32_1.0.200.202406191623/tools/bin/../lib/gcc/arm-none-eabi/12.3.1/../../../../arm-none-eabi/lib/thumb/v7e-m+dp/hard\libc_nano.a(libc_a-findfp.o)
 .ARM.attributes
                0x000005eb       0x32 C:/ST/STM32CubeIDE_1.13.1/STM32CubeIDE/plugins/com.st.stm32cube.ide.mcu.externaltools.gnu-tools-for-stm32.12.3.rel1.win32_1.0.200.202406191623/tools/bin/../lib/gcc/arm-none-eabi/12.3.1/../../../../arm-none-eabi/lib/thumb/v7e-m+dp/hard\libc_nano.a(libc_a-memset.o)
 .ARM.attributes
                0x0000061d       0x32 C:/ST/STM32CubeIDE_1.13.1/STM32CubeIDE/plugins/com.st.stm32cube.ide.mcu.externaltools.gnu-tools-for-stm32.12.3.rel1.win32_1.0.200.202406191623/tools/bin/../lib/gcc/arm-none-eabi/12.3.1/../../../../arm-none-eabi/lib/thumb/v7e-m+dp/hard\libc_nano.a(libc_a-reent.o)
 .ARM.attributes
                0x0000064f       0x32 C:/ST/STM32CubeIDE_1.13.1/STM32CubeIDE/plugins/com.st.stm32cube.ide.mcu.externaltools.gnu-tools-for-stm32.12.3.rel1.win32_1.0.200.202406191623/tools/bin/../lib/gcc/arm-none-eabi/12.3.1/../../../../arm-none-eabi/lib/thumb/v7e-m+dp/hard\libc_nano.a(libc_a-impure.o)
 .ARM.attributes
                0x00000681       0x32 C:/ST/STM32CubeIDE_1.13.1/STM32CubeIDE/plugins/com.st.stm32cube.ide.mcu.externaltools.gnu-tools-for-stm32.12.3.rel1.win32_1.0.200.202406191623/tools/bin/../lib/gcc/arm-none-eabi/12.3.1/../../../../arm-none-eabi/lib/thumb/v7e-m+dp/hard\libc_nano.a(libc_a-init.o)
 .ARM.attributes
                0x000006b3       0x32 C:/ST/STM32CubeIDE_1.13.1/STM32CubeIDE/plugins/com.st.stm32cube.ide.mcu.externaltools.gnu-tools-for-stm32.12.3.rel1.win32_1.0.200.202406191623/tools/bin/../lib/gcc/arm-none-eabi/12.3.1/../../../../arm-none-eabi/lib/thumb/v7e-m+dp/hard\libc_nano.a(libc_a-lock.o)
 .ARM.attributes
                0x000006e5       0x32 C:/ST/STM32CubeIDE_1.13.1/STM32CubeIDE/plugins/com.st.stm32cube.ide.mcu.externaltools.gnu-tools-for-stm32.12.3.rel1.win32_1.0.200.202406191623/tools/bin/../lib/gcc/arm-none-eabi/12.3.1/../../../../arm-none-eabi/lib/thumb/v7e-m+dp/hard\libc_nano.a(libc_a-memcpy-stub.o)
 .ARM.attributes
                0x00000717       0x32 C:/ST/STM32CubeIDE_1.13.1/STM32CubeIDE/plugins/com.st.stm32cube.ide.mcu.externaltools.gnu-tools-for-stm32.12.3.rel1.win32_1.0.200.202406191623/tools/bin/../lib/gcc/arm-none-eabi/12.3.1/../../../../arm-none-eabi/lib/thumb/v7e-m+dp/hard\libc_nano.a(libc_a-freer.o)
 .ARM.attributes
                0x00000749       0x32 C:/ST/STM32CubeIDE_1.13.1/STM32CubeIDE/plugins/com.st.stm32cube.ide.mcu.externaltools.gnu-tools-for-stm32.12.3.rel1.win32_1.0.200.202406191623/tools/bin/../lib/gcc/arm-none-eabi/12.3.1/../../../../arm-none-eabi/lib/thumb/v7e-m+dp/hard\libc_nano.a(libc_a-mallocr.o)
 .ARM.attributes
                0x0000077b       0x32 C:/ST/STM32CubeIDE_1.13.1/STM32CubeIDE/plugins/com.st.stm32cube.ide.mcu.externaltools.gnu-tools-for-stm32.12.3.rel1.win32_1.0.200.202406191623/tools/bin/../lib/gcc/arm-none-eabi/12.3.1/../../../../arm-none-eabi/lib/thumb/v7e-m+dp/hard\libc_nano.a(libc_a-mlock.o)
 .ARM.attributes
                0x000007ad       0x20 C:/ST/STM32CubeIDE_1.13.1/STM32CubeIDE/plugins/com.st.stm32cube.ide.mcu.externaltools.gnu-tools-for-stm32.12.3.rel1.win32_1.0.200.202406191623/tools/bin/../lib/gcc/arm-none-eabi/12.3.1/thumb/v7e-m+dp/hard\libgcc.a(_aeabi_uldivmod.o)
 .ARM.attributes
                0x000007cd       0x32 C:/ST/STM32CubeIDE_1.13.1/STM32CubeIDE/plugins/com.st.stm32cube.ide.mcu.externaltools.gnu-tools-for-stm32.12.3.rel1.win32_1.0.200.202406191623/tools/bin/../lib/gcc/arm-none-eabi/12.3.1/thumb/v7e-m+dp/hard\libgcc.a(_udivmoddi4.o)
 .ARM.attributes
                0x000007ff       0x20 C:/ST/STM32CubeIDE_1.13.1/STM32CubeIDE/plugins/com.st.stm32cube.ide.mcu.externaltools.gnu-tools-for-stm32.12.3.rel1.win32_1.0.200.202406191623/tools/bin/../lib/gcc/arm-none-eabi/12.3.1/thumb/v7e-m+dp/hard\libgcc.a(_dvmd_tls.o)
 .ARM.attributes
                0x0000081f       0x20 C:/ST/STM32CubeIDE_1.13.1/STM32CubeIDE/plugins/com.st.stm32cube.ide.mcu.externaltools.gnu-tools-for-stm32.12.3.rel1.win32_1.0.200.202406191623/tools/bin/../lib/gcc/arm-none-eabi/12.3.1/thumb/v7e-m+dp/hard/crtn.o
OUTPUT(lonely-m.elf elf32-littlearm)
LOAD linker stubs
LOAD C:/ST/STM32CubeIDE_1.13.1/STM32CubeIDE/plugins/com.st.stm32cube.ide.mcu.externaltools.gnu-tools-for-stm32.12.3.rel1.win32_1.0.200.202406191623/tools/bin/../lib/gcc/arm-none-eabi/12.3.1/../../../../arm-none-eabi/lib/thumb/v7e-m+dp/hard\libc.a
LOAD C:/ST/STM32CubeIDE_1.13.1/STM32CubeIDE/plugins/com.st.stm32cube.ide.mcu.externaltools.gnu-tools-for-stm32.12.3.rel1.win32_1.0.200.202406191623/tools/bin/../lib/gcc/arm-none-eabi/12.3.1/../../../../arm-none-eabi/lib/thumb/v7e-m+dp/hard\libm.a
LOAD C:/ST/STM32CubeIDE_1.13.1/STM32CubeIDE/plugins/com.st.stm32cube.ide.mcu.externaltools.gnu-tools-for-stm32.12.3.rel1.win32_1.0.200.202406191623/tools/bin/../lib/gcc/arm-none-eabi/12.3.1/thumb/v7e-m+dp/hard\libgcc.a

.debug_info     0x00000000    0x27cb9
 .debug_info    0x00000000      0xb7c ./Core/Src/LSM6DSO32XTR.o
 .debug_info    0x00000b7c     0x17e0 ./Core/Src/W25N01GV.o
 .debug_info    0x0000235c     0x2571 ./Core/Src/main.o
 .debug_info    0x000048cd     0x1b8a ./Core/Src/stm32h7xx_hal_msp.o
 .debug_info    0x00006457     0x109d ./Core/Src/stm32h7xx_hal_timebase_tim.o
 .debug_info    0x000074f4      0x7e6 ./Core/Src/stm32h7xx_it.o
 .debug_info    0x00007cda      0xb2e ./Core/Src/system_stm32h7xx.o
 .debug_info    0x00008808       0x30 ./Core/Startup/startup_stm32h723zgtx.o
 .debug_info    0x00008838     0x1698 ./Drivers/STM32H7xx_HAL_Driver/Src/stm32h7xx_hal.o
 .debug_info    0x00009ed0     0x10a0 ./Drivers/STM32H7xx_HAL_Driver/Src/stm32h7xx_hal_cortex.o
 .debug_info    0x0000af70      0xc5c ./Drivers/STM32H7xx_HAL_Driver/Src/stm32h7xx_hal_gpio.o
 .debug_info    0x0000bbcc     0x22a1 ./Drivers/STM32H7xx_HAL_Driver/Src/stm32h7xx_hal_i2c.o
 .debug_info    0x0000de6d      0xd95 ./Drivers/STM32H7xx_HAL_Driver/Src/stm32h7xx_hal_i2c_ex.o
 .debug_info    0x0000ec02      0xdc4 ./Drivers/STM32H7xx_HAL_Driver/Src/stm32h7xx_hal_pwr_ex.o
 .debug_info    0x0000f9c6      0xd73 ./Drivers/STM32H7xx_HAL_Driver/Src/stm32h7xx_hal_rcc.o
 .debug_info    0x00010739     0x11fc ./Drivers/STM32H7xx_HAL_Driver/Src/stm32h7xx_hal_rcc_ex.o
 .debug_info    0x00011935     0x1440 ./Drivers/STM32H7xx_HAL_Driver/Src/stm32h7xx_hal_spi.o
 .debug_info    0x00012d75     0x2bae ./Drivers/STM32H7xx_HAL_Driver/Src/stm32h7xx_hal_tim.o
 .debug_info    0x00015923     0x18c1 ./Drivers/STM32H7xx_HAL_Driver/Src/stm32h7xx_hal_tim_ex.o
 .debug_info    0x000171e4     0x4b13 ./Drivers/STM32H7xx_HAL_Driver/Src/stm32h7xx_hal_uart.o
 .debug_info    0x0001bcf7      0xfbf ./Drivers/STM32H7xx_HAL_Driver/Src/stm32h7xx_hal_uart_ex.o
 .debug_info    0x0001ccb6     0x4417 ./Middlewares/Third_Party/FreeRTOS/Source/CMSIS_RTOS_V2/cmsis_os2.o
 .debug_info    0x000210cd      0x2af ./Middlewares/Third_Party/FreeRTOS/Source/list.o
 .debug_info    0x0002137c     0x1b79 ./Middlewares/Third_Party/FreeRTOS/Source/queue.o
 .debug_info    0x00022ef5     0x28c1 ./Middlewares/Third_Party/FreeRTOS/Source/tasks.o
 .debug_info    0x000257b6     0x1b50 ./Middlewares/Third_Party/FreeRTOS/Source/timers.o
 .debug_info    0x00027306      0x4de ./Middlewares/Third_Party/FreeRTOS/Source/portable/GCC/ARM_CM4F/port.o
 .debug_info    0x000277e4      0x4d5 ./Middlewares/Third_Party/FreeRTOS/Source/portable/MemMang/heap_4.o

.debug_abbrev   0x00000000     0x4784
 .debug_abbrev  0x00000000      0x208 ./Core/Src/LSM6DSO32XTR.o
 .debug_abbrev  0x00000208      0x31c ./Core/Src/W25N01GV.o
 .debug_abbrev  0x00000524      0x3a8 ./Core/Src/main.o
 .debug_abbrev  0x000008cc      0x257 ./Core/Src/stm32h7xx_hal_msp.o
 .debug_abbrev  0x00000b23      0x212 ./Core/Src/stm32h7xx_hal_timebase_tim.o
 .debug_abbrev  0x00000d35      0x17b ./Core/Src/stm32h7xx_it.o
 .debug_abbrev  0x00000eb0      0x13a ./Core/Src/system_stm32h7xx.o
 .debug_abbrev  0x00000fea       0x24 ./Core/Startup/startup_stm32h723zgtx.o
 .debug_abbrev  0x0000100e      0x29e ./Drivers/STM32H7xx_HAL_Driver/Src/stm32h7xx_hal.o
 .debug_abbrev  0x000012ac      0x339 ./Drivers/STM32H7xx_HAL_Driver/Src/stm32h7xx_hal_cortex.o
 .debug_abbrev  0x000015e5      0x1fe ./Drivers/STM32H7xx_HAL_Driver/Src/stm32h7xx_hal_gpio.o
 .debug_abbrev  0x000017e3      0x25d ./Drivers/STM32H7xx_HAL_Driver/Src/stm32h7xx_hal_i2c.o
 .debug_abbrev  0x00001a40      0x1f5 ./Drivers/STM32H7xx_HAL_Driver/Src/stm32h7xx_hal_i2c_ex.o
 .debug_abbrev  0x00001c35      0x295 ./Drivers/STM32H7xx_HAL_Driver/Src/stm32h7xx_hal_pwr_ex.o
 .debug_abbrev  0x00001eca      0x2b1 ./Drivers/STM32H7xx_HAL_Driver/Src/stm32h7xx_hal_rcc.o
 .debug_abbrev  0x0000217b      0x269 ./Drivers/STM32H7xx_HAL_Driver/Src/stm32h7xx_hal_rcc_ex.o
 .debug_abbrev  0x000023e4      0x2b1 ./Drivers/STM32H7xx_HAL_Driver/Src/stm32h7xx_hal_spi.o
 .debug_abbrev  0x00002695      0x276 ./Drivers/STM32H7xx_HAL_Driver/Src/stm32h7xx_hal_tim.o
 .debug_abbrev  0x0000290b      0x296 ./Drivers/STM32H7xx_HAL_Driver/Src/stm32h7xx_hal_tim_ex.o
 .debug_abbrev  0x00002ba1      0x33d ./Drivers/STM32H7xx_HAL_Driver/Src/stm32h7xx_hal_uart.o
 .debug_abbrev  0x00002ede      0x2d2 ./Drivers/STM32H7xx_HAL_Driver/Src/stm32h7xx_hal_uart_ex.o
 .debug_abbrev  0x000031b0      0x54a ./Middlewares/Third_Party/FreeRTOS/Source/CMSIS_RTOS_V2/cmsis_os2.o
 .debug_abbrev  0x000036fa       0xf5 ./Middlewares/Third_Party/FreeRTOS/Source/list.o
 .debug_abbrev  0x000037ef      0x3b6 ./Middlewares/Third_Party/FreeRTOS/Source/queue.o
 .debug_abbrev  0x00003ba5      0x3fe ./Middlewares/Third_Party/FreeRTOS/Source/tasks.o
 .debug_abbrev  0x00003fa3      0x368 ./Middlewares/Third_Party/FreeRTOS/Source/timers.o
 .debug_abbrev  0x0000430b      0x25c ./Middlewares/Third_Party/FreeRTOS/Source/portable/GCC/ARM_CM4F/port.o
 .debug_abbrev  0x00004567      0x21d ./Middlewares/Third_Party/FreeRTOS/Source/portable/MemMang/heap_4.o

.debug_aranges  0x00000000     0x1e80
 .debug_aranges
                0x00000000       0x68 ./Core/Src/LSM6DSO32XTR.o
 .debug_aranges
                0x00000068      0x160 ./Core/Src/W25N01GV.o
 .debug_aranges
                0x000001c8       0x70 ./Core/Src/main.o
 .debug_aranges
                0x00000238       0x50 ./Core/Src/stm32h7xx_hal_msp.o
 .debug_aranges
                0x00000288       0x30 ./Core/Src/stm32h7xx_hal_timebase_tim.o
 .debug_aranges
                0x000002b8       0x50 ./Core/Src/stm32h7xx_it.o
 .debug_aranges
                0x00000308       0x28 ./Core/Src/system_stm32h7xx.o
 .debug_aranges
                0x00000330       0x28 ./Core/Startup/startup_stm32h723zgtx.o
 .debug_aranges
                0x00000358      0x1c8 ./Drivers/STM32H7xx_HAL_Driver/Src/stm32h7xx_hal.o
 .debug_aranges
                0x00000520      0x130 ./Drivers/STM32H7xx_HAL_Driver/Src/stm32h7xx_hal_cortex.o
 .debug_aranges
                0x00000650       0x58 ./Drivers/STM32H7xx_HAL_Driver/Src/stm32h7xx_hal_gpio.o
 .debug_aranges
                0x000006a8      0x2a0 ./Drivers/STM32H7xx_HAL_Driver/Src/stm32h7xx_hal_i2c.o
 .debug_aranges
                0x00000948       0x48 ./Drivers/STM32H7xx_HAL_Driver/Src/stm32h7xx_hal_i2c_ex.o
 .debug_aranges
                0x00000990      0x148 ./Drivers/STM32H7xx_HAL_Driver/Src/stm32h7xx_hal_pwr_ex.o
 .debug_aranges
                0x00000ad8       0x88 ./Drivers/STM32H7xx_HAL_Driver/Src/stm32h7xx_hal_rcc.o
 .debug_aranges
                0x00000b60       0xf8 ./Drivers/STM32H7xx_HAL_Driver/Src/stm32h7xx_hal_rcc_ex.o
 .debug_aranges
                0x00000c58      0x1a8 ./Drivers/STM32H7xx_HAL_Driver/Src/stm32h7xx_hal_spi.o
 .debug_aranges
                0x00000e00      0x3e0 ./Drivers/STM32H7xx_HAL_Driver/Src/stm32h7xx_hal_tim.o
 .debug_aranges
                0x000011e0      0x198 ./Drivers/STM32H7xx_HAL_Driver/Src/stm32h7xx_hal_tim_ex.o
 .debug_aranges
                0x00001378      0x248 ./Drivers/STM32H7xx_HAL_Driver/Src/stm32h7xx_hal_uart.o
 .debug_aranges
                0x000015c0       0xa8 ./Drivers/STM32H7xx_HAL_Driver/Src/stm32h7xx_hal_uart_ex.o
 .debug_aranges
                0x00001668      0x2b0 ./Middlewares/Third_Party/FreeRTOS/Source/CMSIS_RTOS_V2/cmsis_os2.o
 .debug_aranges
                0x00001918       0x40 ./Middlewares/Third_Party/FreeRTOS/Source/list.o
 .debug_aranges
                0x00001958      0x158 ./Middlewares/Third_Party/FreeRTOS/Source/queue.o
 .debug_aranges
                0x00001ab0      0x208 ./Middlewares/Third_Party/FreeRTOS/Source/tasks.o
 .debug_aranges
                0x00001cb8       0xf0 ./Middlewares/Third_Party/FreeRTOS/Source/timers.o
 .debug_aranges
                0x00001da8       0x80 ./Middlewares/Third_Party/FreeRTOS/Source/portable/GCC/ARM_CM4F/port.o
 .debug_aranges
                0x00001e28       0x58 ./Middlewares/Third_Party/FreeRTOS/Source/portable/MemMang/heap_4.o

.debug_rnglists
                0x00000000     0x17d2
 .debug_rnglists
                0x00000000       0x4b ./Core/Src/LSM6DSO32XTR.o
 .debug_rnglists
                0x0000004b      0x10a ./Core/Src/W25N01GV.o
 .debug_rnglists
                0x00000155       0x55 ./Core/Src/main.o
 .debug_rnglists
                0x000001aa       0x3a ./Core/Src/stm32h7xx_hal_msp.o
 .debug_rnglists
                0x000001e4       0x20 ./Core/Src/stm32h7xx_hal_timebase_tim.o
 .debug_rnglists
                0x00000204       0x37 ./Core/Src/stm32h7xx_it.o
 .debug_rnglists
                0x0000023b       0x1b ./Core/Src/system_stm32h7xx.o
 .debug_rnglists
                0x00000256       0x19 ./Core/Startup/startup_stm32h723zgtx.o
 .debug_rnglists
                0x0000026f      0x155 ./Drivers/STM32H7xx_HAL_Driver/Src/stm32h7xx_hal.o
 .debug_rnglists
                0x000003c4       0xe0 ./Drivers/STM32H7xx_HAL_Driver/Src/stm32h7xx_hal_cortex.o
 .debug_rnglists
                0x000004a4       0x3f ./Drivers/STM32H7xx_HAL_Driver/Src/stm32h7xx_hal_gpio.o
 .debug_rnglists
                0x000004e3      0x22a ./Drivers/STM32H7xx_HAL_Driver/Src/stm32h7xx_hal_i2c.o
 .debug_rnglists
                0x0000070d       0x35 ./Drivers/STM32H7xx_HAL_Driver/Src/stm32h7xx_hal_i2c_ex.o
 .debug_rnglists
                0x00000742       0xf5 ./Drivers/STM32H7xx_HAL_Driver/Src/stm32h7xx_hal_pwr_ex.o
 .debug_rnglists
                0x00000837       0x68 ./Drivers/STM32H7xx_HAL_Driver/Src/stm32h7xx_hal_rcc.o
 .debug_rnglists
                0x0000089f       0xc0 ./Drivers/STM32H7xx_HAL_Driver/Src/stm32h7xx_hal_rcc_ex.o
 .debug_rnglists
                0x0000095f      0x148 ./Drivers/STM32H7xx_HAL_Driver/Src/stm32h7xx_hal_spi.o
 .debug_rnglists
                0x00000aa7      0x328 ./Drivers/STM32H7xx_HAL_Driver/Src/stm32h7xx_hal_tim.o
 .debug_rnglists
                0x00000dcf      0x14d ./Drivers/STM32H7xx_HAL_Driver/Src/stm32h7xx_hal_tim_ex.o
 .debug_rnglists
                0x00000f1c      0x1fa ./Drivers/STM32H7xx_HAL_Driver/Src/stm32h7xx_hal_uart.o
 .debug_rnglists
                0x00001116       0x7f ./Drivers/STM32H7xx_HAL_Driver/Src/stm32h7xx_hal_uart_ex.o
 .debug_rnglists
                0x00001195      0x212 ./Middlewares/Third_Party/FreeRTOS/Source/CMSIS_RTOS_V2/cmsis_os2.o
 .debug_rnglists
                0x000013a7       0x2b ./Middlewares/Third_Party/FreeRTOS/Source/list.o
 .debug_rnglists
                0x000013d2      0x109 ./Middlewares/Third_Party/FreeRTOS/Source/queue.o
 .debug_rnglists
                0x000014db      0x1a0 ./Middlewares/Third_Party/FreeRTOS/Source/tasks.o
 .debug_rnglists
                0x0000167b       0xb8 ./Middlewares/Third_Party/FreeRTOS/Source/timers.o
 .debug_rnglists
                0x00001733       0x5d ./Middlewares/Third_Party/FreeRTOS/Source/portable/GCC/ARM_CM4F/port.o
 .debug_rnglists
                0x00001790       0x42 ./Middlewares/Third_Party/FreeRTOS/Source/portable/MemMang/heap_4.o

.debug_macro    0x00000000    0x36374
 .debug_macro   0x00000000      0x355 ./Core/Src/LSM6DSO32XTR.o
 .debug_macro   0x00000355      0xacc ./Core/Src/LSM6DSO32XTR.o
 .debug_macro   0x00000e21      0x23e ./Core/Src/LSM6DSO32XTR.o
 .debug_macro   0x0000105f       0x2e ./Core/Src/LSM6DSO32XTR.o
 .debug_macro   0x0000108d       0x3b ./Core/Src/LSM6DSO32XTR.o
 .debug_macro   0x000010c8       0x22 ./Core/Src/LSM6DSO32XTR.o
 .debug_macro   0x000010ea       0x8e ./Core/Src/LSM6DSO32XTR.o
 .debug_macro   0x00001178       0x51 ./Core/Src/LSM6DSO32XTR.o
 .debug_macro   0x000011c9      0x103 ./Core/Src/LSM6DSO32XTR.o
 .debug_macro   0x000012cc       0x6a ./Core/Src/LSM6DSO32XTR.o
 .debug_macro   0x00001336      0x1df ./Core/Src/LSM6DSO32XTR.o
 .debug_macro   0x00001515       0x1c ./Core/Src/LSM6DSO32XTR.o
 .debug_macro   0x00001531       0x22 ./Core/Src/LSM6DSO32XTR.o
 .debug_macro   0x00001553       0xfb ./Core/Src/LSM6DSO32XTR.o
 .debug_macro   0x0000164e     0x1305 ./Core/Src/LSM6DSO32XTR.o
 .debug_macro   0x00002953      0x11f ./Core/Src/LSM6DSO32XTR.o
 .debug_macro   0x00002a72       0x27 ./Core/Src/LSM6DSO32XTR.o
 .debug_macro   0x00002a99    0x2127f ./Core/Src/LSM6DSO32XTR.o
 .debug_macro   0x00023d18       0x6d ./Core/Src/LSM6DSO32XTR.o
 .debug_macro   0x00023d85     0x3d64 ./Core/Src/LSM6DSO32XTR.o
 .debug_macro   0x00027ae9      0x189 ./Core/Src/LSM6DSO32XTR.o
 .debug_macro   0x00027c72       0x61 ./Core/Src/LSM6DSO32XTR.o
 .debug_macro   0x00027cd3       0x29 ./Core/Src/LSM6DSO32XTR.o
 .debug_macro   0x00027cfc       0x43 ./Core/Src/LSM6DSO32XTR.o
 .debug_macro   0x00027d3f       0x34 ./Core/Src/LSM6DSO32XTR.o
 .debug_macro   0x00027d73       0x16 ./Core/Src/LSM6DSO32XTR.o
 .debug_macro   0x00027d89       0x43 ./Core/Src/LSM6DSO32XTR.o
 .debug_macro   0x00027dcc       0x34 ./Core/Src/LSM6DSO32XTR.o
 .debug_macro   0x00027e00       0x10 ./Core/Src/LSM6DSO32XTR.o
 .debug_macro   0x00027e10       0x58 ./Core/Src/LSM6DSO32XTR.o
 .debug_macro   0x00027e68       0x8e ./Core/Src/LSM6DSO32XTR.o
 .debug_macro   0x00027ef6       0x1c ./Core/Src/LSM6DSO32XTR.o
 .debug_macro   0x00027f12      0x177 ./Core/Src/LSM6DSO32XTR.o
 .debug_macro   0x00028089      0x369 ./Core/Src/LSM6DSO32XTR.o
 .debug_macro   0x000283f2      0x19b ./Core/Src/LSM6DSO32XTR.o
 .debug_macro   0x0002858d       0x5d ./Core/Src/LSM6DSO32XTR.o
 .debug_macro   0x000285ea     0x2462 ./Core/Src/LSM6DSO32XTR.o
 .debug_macro   0x0002aa4c     0x1079 ./Core/Src/LSM6DSO32XTR.o
 .debug_macro   0x0002bac5      0x154 ./Core/Src/LSM6DSO32XTR.o
 .debug_macro   0x0002bc19      0x114 ./Core/Src/LSM6DSO32XTR.o
 .debug_macro   0x0002bd2d      0x3fc ./Core/Src/LSM6DSO32XTR.o
 .debug_macro   0x0002c129       0xac ./Core/Src/LSM6DSO32XTR.o
 .debug_macro   0x0002c1d5      0x788 ./Core/Src/LSM6DSO32XTR.o
 .debug_macro   0x0002c95d      0x228 ./Core/Src/LSM6DSO32XTR.o
 .debug_macro   0x0002cb85       0x66 ./Core/Src/LSM6DSO32XTR.o
 .debug_macro   0x0002cbeb      0x3a6 ./Core/Src/LSM6DSO32XTR.o
 .debug_macro   0x0002cf91      0x3f9 ./Core/Src/LSM6DSO32XTR.o
 .debug_macro   0x0002d38a      0x275 ./Core/Src/LSM6DSO32XTR.o
 .debug_macro   0x0002d5ff      0x3ca ./Core/Src/LSM6DSO32XTR.o
 .debug_macro   0x0002d9c9      0x45c ./Core/Src/LSM6DSO32XTR.o
 .debug_macro   0x0002de25       0x3c ./Core/Src/LSM6DSO32XTR.o
 .debug_macro   0x0002de61       0x4a ./Core/Src/LSM6DSO32XTR.o
 .debug_macro   0x0002deab      0x22c ./Core/Src/LSM6DSO32XTR.o
 .debug_macro   0x0002e0d7       0x67 ./Core/Src/LSM6DSO32XTR.o
 .debug_macro   0x0002e13e       0xa5 ./Core/Src/LSM6DSO32XTR.o
 .debug_macro   0x0002e1e3      0x1c4 ./Core/Src/LSM6DSO32XTR.o
 .debug_macro   0x0002e3a7      0x22a ./Core/Src/LSM6DSO32XTR.o
 .debug_macro   0x0002e5d1       0x35 ./Core/Src/LSM6DSO32XTR.o
 .debug_macro   0x0002e606      0x5e4 ./Core/Src/LSM6DSO32XTR.o
 .debug_macro   0x0002ebea       0xc1 ./Core/Src/LSM6DSO32XTR.o
 .debug_macro   0x0002ecab      0xb24 ./Core/Src/LSM6DSO32XTR.o
 .debug_macro   0x0002f7cf      0x29f ./Core/Src/LSM6DSO32XTR.o
 .debug_macro   0x0002fa6e      0x693 ./Core/Src/LSM6DSO32XTR.o
 .debug_macro   0x00030101       0xa6 ./Core/Src/LSM6DSO32XTR.o
 .debug_macro   0x000301a7      0x5e6 ./Core/Src/LSM6DSO32XTR.o
 .debug_macro   0x0003078d      0x16f ./Core/Src/LSM6DSO32XTR.o
 .debug_macro   0x000308fc      0x15a ./Core/Src/LSM6DSO32XTR.o
 .debug_macro   0x00030a56       0xc9 ./Core/Src/LSM6DSO32XTR.o
 .debug_macro   0x00030b1f       0x1c ./Core/Src/LSM6DSO32XTR.o
 .debug_macro   0x00030b3b       0x26 ./Core/Src/LSM6DSO32XTR.o
 .debug_macro   0x00030b61       0x16 ./Core/Src/LSM6DSO32XTR.o
 .debug_macro   0x00030b77       0x35 ./Core/Src/LSM6DSO32XTR.o
 .debug_macro   0x00030bac      0x4bf ./Core/Src/LSM6DSO32XTR.o
 .debug_macro   0x0003106b       0xb5 ./Core/Src/LSM6DSO32XTR.o
 .debug_macro   0x00031120       0xaa ./Core/Src/LSM6DSO32XTR.o
 .debug_macro   0x000311ca      0x24e ./Core/Src/LSM6DSO32XTR.o
 .debug_macro   0x00031418      0x487 ./Core/Src/W25N01GV.o
 .debug_macro   0x0003189f       0x16 ./Core/Src/W25N01GV.o
 .debug_macro   0x000318b5      0x391 ./Core/Src/main.o
 .debug_macro   0x00031c46       0x66 ./Core/Src/main.o
 .debug_macro   0x00031cac       0x74 ./Core/Src/main.o
 .debug_macro   0x00031d20       0xdd ./Core/Src/main.o
 .debug_macro   0x00031dfd      0x2cc ./Core/Src/stm32h7xx_hal_msp.o
 .debug_macro   0x000320c9      0x2c2 ./Core/Src/stm32h7xx_hal_timebase_tim.o
 .debug_macro   0x0003238b      0x2d6 ./Core/Src/stm32h7xx_it.o
 .debug_macro   0x00032661      0x2c2 ./Core/Src/system_stm32h7xx.o