/Users/felix/Desktop/Rocket-Avionics/board-drivers/TCP/LMP/src/messages.c:61:17:parse_uint64_be	0	static
/Users/felix/Desktop/Rocket-Avionics/board-drivers/TCP/LMP/src/messages.c:70:17:parse_uint32_be	0	static
/Users/felix/Desktop/Rocket-Avionics/board-drivers/TCP/LMP/src/messages.c:76:13:pack_uint64_be	0	static
/Users/felix/Desktop/Rocket-Avionics/board-drivers/TCP/LMP/src/messages.c:84:13:pack_uint32_be	0	static
/Users/felix/Desktop/Rocket-Avionics/board-drivers/TCP/LMP/src/messages.c:13:9:check_handoff_checksum	0	static
/Users/felix/Desktop/Rocket-Avionics/board-drivers/TCP/LMP/src/messages.c:23:15:get_valve	0	static
/Users/felix/Desktop/Rocket-Avionics/board-drivers/TCP/LMP/src/messages.c:29:9:get_valve_board	0	static
/Users/felix/Desktop/Rocket-Avionics/board-drivers/TCP/LMP/src/messages.c:34:9:generate_valve_id	0	static
/Users/felix/Desktop/Rocket-Avionics/board-drivers/TCP/LMP/src/messages.c:39:9:check_valve_id	16	static
/Users/felix/Desktop/Rocket-Avionics/board-drivers/TCP/LMP/src/messages.c:98:5:serialize_telemetry	24	static
/Users/felix/Desktop/Rocket-Avionics/board-drivers/TCP/LMP/src/messages.c:123:5:serialize_valve_command	0	static
/Users/felix/Desktop/Rocket-Avionics/board-drivers/TCP/LMP/src/messages.c:137:5:serialize_valve_state	8	static
/Users/felix/Desktop/Rocket-Avionics/board-drivers/TCP/LMP/src/messages.c:152:5:serialize_device_command	0	static
/Users/felix/Desktop/Rocket-Avionics/board-drivers/TCP/LMP/src/messages.c:166:5:serialize_device_ack	24	static
/Users/felix/Desktop/Rocket-Avionics/board-drivers/TCP/LMP/src/messages.c:181:5:serialize_heartbeat	0	static
/Users/felix/Desktop/Rocket-Avionics/board-drivers/TCP/LMP/src/messages.c:193:5:serialize_handoff	0	static
/Users/felix/Desktop/Rocket-Avionics/board-drivers/TCP/LMP/src/messages.c:210:5:serialize_message	8	static
/Users/felix/Desktop/Rocket-Avionics/board-drivers/TCP/LMP/src/messages.c:245:5:deserialize_telemetry	24	static
/Users/felix/Desktop/Rocket-Avionics/board-drivers/TCP/LMP/src/messages.c:286:5:deserialize_valve_command	0	static
/Users/felix/Desktop/Rocket-Avionics/board-drivers/TCP/LMP/src/messages.c:299:5:deserialize_valve_state	8	static
/Users/felix/Desktop/Rocket-Avionics/board-drivers/TCP/LMP/src/messages.c:313:5:deserialize_device_command	0	static
/Users/felix/Desktop/Rocket-Avionics/board-drivers/TCP/LMP/src/messages.c:326:5:deserialize_device_ack	16	static
/Users/felix/Desktop/Rocket-Avionics/board-drivers/TCP/LMP/src/messages.c:344:5:deserialize_handoff	8	static
/Users/felix/Desktop/Rocket-Avionics/board-drivers/TCP/LMP/src/messages.c:357:5:deserialize_message	8	static
