../Core/Src/main.c:474:6:MPU_Config	32	static
../Core/Src/main.c:304:13:MX_GPIO_Init	80	static
/Users/felix/Desktop/Rocket-Avionics/stm-flight-sw/cots-ground-station/UART-data/uart-data-struct.h:80:19:deserialize_radio	16	static
../Core/Src/main.c:420:6:StartDefaultTask	312	static
../Core/Src/main.c:84:6:__malloc_lock	8	static
../Core/Src/main.c:90:6:__malloc_unlock	8	static
../Core/Src/main.c:385:6:irq_uart_lilygo	16	static
../Core/Src/main.c:399:6:HAL_UART_RxCpltCallback	8	static
../Core/Src/main.c:405:6:HAL_UART_ErrorCallback	8	static
../Core/Src/main.c:531:6:HAL_TIM_PeriodElapsedCallback	8	static
../Core/Src/main.c:549:6:Error_Handler	0	static,ignoring_inline_asm
../Core/Src/main.c:256:13:MX_USART2_UART_Init	8	static
../Core/Src/main.c:196:6:SystemClock_Config	120	static
../Core/Src/main.c:101:5:main	8	static,ignoring_inline_asm
