../LWIP/Target/ethernetif.c:181:6:HAL_ETH_RxCpltCallback	16	static
../LWIP/Target/ethernetif.c:190:6:HAL_ETH_TxCpltCallback	16	static
../LWIP/Target/ethernetif.c:199:6:HAL_ETH_ErrorCallback	16	static
../LWIP/Target/ethernetif.c:221:13:low_level_init	176	static
../LWIP/Target/ethernetif.c:394:14:low_level_output	80	static
../LWIP/Target/ethernetif.c:466:22:low_level_input	24	static
../LWIP/Target/ethernetif.c:487:6:ethernetif_input	24	static
../LWIP/Target/ethernetif.c:544:7:ethernetif_init	16	static
../LWIP/Target/ethernetif.c:595:6:pbuf_free_custom	24	static
../LWIP/Target/ethernetif.c:618:7:sys_now	8	static
../LWIP/Target/ethernetif.c:631:6:HAL_ETH_MspInit	64	static
../LWIP/Target/ethernetif.c:685:6:HAL_ETH_MspDeInit	16	static
../LWIP/Target/ethernetif.c:728:9:ETH_PHY_IO_Init	8	static
../LWIP/Target/ethernetif.c:745:9:ETH_PHY_IO_DeInit	4	static
../LWIP/Target/ethernetif.c:757:9:ETH_PHY_IO_ReadReg	24	static
../LWIP/Target/ethernetif.c:774:9:ETH_PHY_IO_WriteReg	24	static
../LWIP/Target/ethernetif.c:788:9:ETH_PHY_IO_GetTick	8	static
../LWIP/Target/ethernetif.c:797:6:ethernet_link_thread	136	static
../LWIP/Target/ethernetif.c:867:6:HAL_ETH_RxAllocateCallback	32	static
../LWIP/Target/ethernetif.c:889:6:HAL_ETH_RxLinkCallback	56	static,ignoring_inline_asm
../LWIP/Target/ethernetif.c:929:6:HAL_ETH_TxFreeCallback	16	static
