../LWIP/Target/ethernetif.c:181:6:HAL_ETH_RxCpltCallback	16	static
../LWIP/Target/ethernetif.c:190:6:HAL_ETH_TxCpltCallback	16	static
../LWIP/Target/ethernetif.c:199:6:HAL_ETH_ErrorCallback	16	static
../LWIP/Target/ethernetif.c:221:13:low_level_init	176	static
../LWIP/Target/ethernetif.c:394:14:low_level_output	80	static
../LWIP/Target/ethernetif.c:466:22:low_level_input	24	static
../LWIP/Target/ethernetif.c:487:6:ethernetif_input	24	static
../LWIP/Target/ethernetif.c:544:7:ethernetif_init	16	static
../LWIP/Target/ethernetif.c:595:6:pbuf_free_custom	24	static
../LWIP/Target/ethernetif.c:618:7:sys_now	8	static
../LWIP/Target/ethernetif.c:631:6:HAL_ETH_MspInit	64	static
../LWIP/Target/ethernetif.c:688:6:HAL_ETH_MspDeInit	16	static
../LWIP/Target/ethernetif.c:734:9:ETH_PHY_IO_Init	8	static
../LWIP/Target/ethernetif.c:751:9:ETH_PHY_IO_DeInit	4	static
../LWIP/Target/ethernetif.c:763:9:ETH_PHY_IO_ReadReg	24	static
../LWIP/Target/ethernetif.c:780:9:ETH_PHY_IO_WriteReg	24	static
../LWIP/Target/ethernetif.c:794:9:ETH_PHY_IO_GetTick	8	static
../LWIP/Target/ethernetif.c:803:6:ethernet_link_thread	136	static
../LWIP/Target/ethernetif.c:877:6:HAL_ETH_RxAllocateCallback	32	static
../LWIP/Target/ethernetif.c:900:6:HAL_ETH_RxLinkCallback	56	static,ignoring_inline_asm
../LWIP/Target/ethernetif.c:940:6:HAL_ETH_TxFreeCallback	16	static
../LWIP/Target/ethernetif.c:955:6:sys_lock_tcpip_core	8	static
../LWIP/Target/ethernetif.c:960:6:sys_unlock_tcpip_core	8	static
../LWIP/Target/ethernetif.c:965:6:sys_check_core_locking	16	static,ignoring_inline_asm
../LWIP/Target/ethernetif.c:986:6:sys_mark_tcpip_thread	8	static
