../Middlewares/Third_Party/LwIP/src/core/ipv4/ip4_frag.c:715:1:ipfrag_free_pbuf_custom	8	static
../Middlewares/Third_Party/LwIP/src/core/ipv4/ip4_frag.c:164:1:ip_reass_free_complete_datagram	40	static
../Middlewares/Third_Party/LwIP/src/core/ipv4/ip4_frag.c:227:1:ip_reass_remove_oldest_datagram	32	static
../Middlewares/Third_Party/LwIP/src/core/ipv4/ip4_frag.c:128:1:ip_reass_tmr	16	static
../Middlewares/Third_Party/LwIP/src/core/ipv4/ip4_frag.c:503:1:ip4_reass	56	static
../Middlewares/Third_Party/LwIP/src/core/ipv4/ip4_frag.c:740:1:ip4_frag	96	static
